<html>
<body>
<pre>
<h1>µVision Build Log</h1>
<h2>Project:</h2>
C:\Users\Chocalatesauce\Documents\EE 319k\Lab8\PeriodicSysTickInts.uvproj
Project File Date:  04/09/2013

<h2>Output:</h2>
Rebuild target 'PeriodicSysTickInts'
assembling Startup.s...
compiling PeriodicSysTickInts.c...
compiling SysTickInts.c...
assembling LCD.s...
compiling ADC.c...
compiling PLL.c...
compiling Lab8.c...
linking...
Program Size: Code=1836 RO-data=32 RW-data=20 ZI-data=1028  
"PeriodicSysTickInts.axf" - 0 Error(s), 0 Warning(s).
