<html>
<body>
<pre>
<h1>µVision Build Log</h1>
<h2>Project:</h2>
C:\Users\Chocalatesauce\Documents\EE 319k\Lab5\SysTick.uvproj
Project File Date:  03/07/2013

<h2>Output:</h2>
Rebuild target 'SysTick'
assembling Startup.s...
assembling SysTick.s...
assembling SysTickTestMain.s...
assembling PLL.s...
linking...
Program Size: Code=1456 RO-data=0 RW-data=0 ZI-data=1024  
"SysTick.axf" - 0 Error(s), 0 Warning(s).
Load "C:\\Users\\Chocalatesauce\\Documents\\EE 319k\\Lab5\\SysTick.AXF" 
Connecting: Mode=JTAG, Speed=1000000Hz
Erase Done.
Programming Done.
Verify OK.
Rebuild target 'SysTick'
assembling Startup.s...
assembling SysTick.s...
assembling SysTickTestMain.s...
assembling PLL.s...
linking...
Program Size: Code=1456 RO-data=0 RW-data=0 ZI-data=1024  
"SysTick.axf" - 0 Error(s), 0 Warning(s).
