ARM Linker, 5.02 [Build 28] [MDK-ARM Lite]

==============================================================================

Section Cross References

    startup.o(RESET) refers to startup.o(STACK) for StackMem
    startup.o(RESET) refers to systicktestmain.o(.text) for Start
    systicktestmain.o(.text) refers to pll.o(.text) for PLL_Init
    systicktestmain.o(.text) refers to systick.o(.text) for SysTick_Init


==============================================================================

Image Symbol Table

    Local Symbols

    Symbol Name                              Value     Ov Type        Size  Object(Section)

    RESET                                    0x00000000   Section      308  startup.o(RESET)
    PLL.s                                    0x00000000   Number         0  pll.o ABSOLUTE
    Startup.s                                0x00000000   Number         0  startup.o ABSOLUTE
    SysTick.s                                0x00000000   Number         0  systick.o ABSOLUTE
    SysTickTestMain.s                        0x00000000   Number         0  systicktestmain.o ABSOLUTE
    .text                                    0x00000134   Section       96  systick.o(.text)
    .text                                    0x00000194   Section      972  systicktestmain.o(.text)
    W_go                                     0x00000194   Data           4  systicktestmain.o(.text)
    S_wait_W                                 0x000001bc   Data           4  systicktestmain.o(.text)
    S_go                                     0x000001e4   Data           4  systicktestmain.o(.text)
    PS_go                                    0x0000020c   Data           4  systicktestmain.o(.text)
    P_wait_W                                 0x00000234   Data           4  systicktestmain.o(.text)
    PW_go                                    0x0000025c   Data           4  systicktestmain.o(.text)
    W_wait_S                                 0x00000284   Data           4  systicktestmain.o(.text)
    P_wait_S                                 0x000002ac   Data           4  systicktestmain.o(.text)
    P_go                                     0x000002d4   Data           0  systicktestmain.o(.text)
    W_wait_P1                                0x000002fc   Data           4  systicktestmain.o(.text)
    W_wait_P2                                0x00000324   Data           4  systicktestmain.o(.text)
    W_wait_P3                                0x0000034c   Data           4  systicktestmain.o(.text)
    W_wait_P4                                0x00000374   Data           4  systicktestmain.o(.text)
    S_wait_P1                                0x0000039c   Data           4  systicktestmain.o(.text)
    S_wait_P2                                0x000003c4   Data           4  systicktestmain.o(.text)
    S_wait_P3                                0x000003ec   Data           4  systicktestmain.o(.text)
    S_wait_P4                                0x00000414   Data           4  systicktestmain.o(.text)
    .text                                    0x00000560   Section       80  pll.o(.text)
    STACK                                    0x20000000   Section     1024  startup.o(STACK)
    StackMem                                 0x20000000   Data           0  startup.o(STACK)

    Global Symbols

    Symbol Name                              Value     Ov Type        Size  Object(Section)

    BuildAttributes$$THM_ISAv4$P$D$K$B$S$PE$A:L22UL41UL21$X:L11$S22US41US21$IEEE1$IW$USESV6$~STKCKD$USESV7$~SHL$OSPACE$EBA8$STANDARDLIB$PRES8$EABIv2 0x00000000   Number         0  anon$$obj.o ABSOLUTE
    __Vectors                                0x00000000   Data           0  startup.o(RESET)
    Reset_Handler                            0x00000101   Thumb Code     0  startup.o(RESET)
    NMI_Handler                              0x00000105   Thumb Code     2  startup.o(RESET)
    HardFault_Handler                        0x00000107   Thumb Code     2  startup.o(RESET)
    MemManage_Handler                        0x00000109   Thumb Code     2  startup.o(RESET)
    BusFault_Handler                         0x0000010b   Thumb Code     2  startup.o(RESET)
    UsageFault_Handler                       0x0000010d   Thumb Code     2  startup.o(RESET)
    SVC_Handler                              0x0000010f   Thumb Code     2  startup.o(RESET)
    DebugMon_Handler                         0x00000111   Thumb Code     2  startup.o(RESET)
    PendSV_Handler                           0x00000113   Thumb Code     2  startup.o(RESET)
    SysTick_Handler                          0x00000115   Thumb Code     2  startup.o(RESET)
    ADC0_Handler                             0x00000117   Thumb Code     0  startup.o(RESET)
    ADC1_Handler                             0x00000117   Thumb Code     0  startup.o(RESET)
    ADC2_Handler                             0x00000117   Thumb Code     0  startup.o(RESET)
    ADC3_Handler                             0x00000117   Thumb Code     0  startup.o(RESET)
    CAN0_Handler                             0x00000117   Thumb Code     0  startup.o(RESET)
    CAN1_Handler                             0x00000117   Thumb Code     0  startup.o(RESET)
    CAN2_Handler                             0x00000117   Thumb Code     0  startup.o(RESET)
    Comp0_Handler                            0x00000117   Thumb Code     0  startup.o(RESET)
    Comp1_Handler                            0x00000117   Thumb Code     0  startup.o(RESET)
    Comp2_Handler                            0x00000117   Thumb Code     0  startup.o(RESET)
    Ethernet_Handler                         0x00000117   Thumb Code     0  startup.o(RESET)
    FlashCtl_Handler                         0x00000117   Thumb Code     0  startup.o(RESET)
    GPIOPortA_Handler                        0x00000117   Thumb Code     0  startup.o(RESET)
    GPIOPortB_Handler                        0x00000117   Thumb Code     0  startup.o(RESET)
    GPIOPortC_Handler                        0x00000117   Thumb Code     0  startup.o(RESET)
    GPIOPortD_Handler                        0x00000117   Thumb Code     0  startup.o(RESET)
    GPIOPortE_Handler                        0x00000117   Thumb Code     0  startup.o(RESET)
    GPIOPortF_Handler                        0x00000117   Thumb Code     0  startup.o(RESET)
    GPIOPortG_Handler                        0x00000117   Thumb Code     0  startup.o(RESET)
    GPIOPortH_Handler                        0x00000117   Thumb Code     0  startup.o(RESET)
    Hibernate_Handler                        0x00000117   Thumb Code     0  startup.o(RESET)
    I2C0_Handler                             0x00000117   Thumb Code     0  startup.o(RESET)
    I2C1_Handler                             0x00000117   Thumb Code     0  startup.o(RESET)
    PWM0_Handler                             0x00000117   Thumb Code     0  startup.o(RESET)
    PWM1_Handler                             0x00000117   Thumb Code     0  startup.o(RESET)
    PWM2_Handler                             0x00000117   Thumb Code     0  startup.o(RESET)
    PWM3_Handler                             0x00000117   Thumb Code     0  startup.o(RESET)
    PWMFault_Handler                         0x00000117   Thumb Code     0  startup.o(RESET)
    Quadrature0_Handler                      0x00000117   Thumb Code     0  startup.o(RESET)
    Quadrature1_Handler                      0x00000117   Thumb Code     0  startup.o(RESET)
    SSI0_Handler                             0x00000117   Thumb Code     0  startup.o(RESET)
    SSI1_Handler                             0x00000117   Thumb Code     0  startup.o(RESET)
    SysCtl_Handler                           0x00000117   Thumb Code     0  startup.o(RESET)
    Timer0A_Handler                          0x00000117   Thumb Code     0  startup.o(RESET)
    Timer0B_Handler                          0x00000117   Thumb Code     0  startup.o(RESET)
    Timer1A_Handler                          0x00000117   Thumb Code     0  startup.o(RESET)
    Timer1B_Handler                          0x00000117   Thumb Code     0  startup.o(RESET)
    Timer2A_Handler                          0x00000117   Thumb Code     0  startup.o(RESET)
    Timer2B_Handler                          0x00000117   Thumb Code     0  startup.o(RESET)
    Timer3A_Handler                          0x00000117   Thumb Code     0  startup.o(RESET)
    Timer3B_Handler                          0x00000117   Thumb Code     0  startup.o(RESET)
    UART0_Handler                            0x00000117   Thumb Code     0  startup.o(RESET)
    UART1_Handler                            0x00000117   Thumb Code     0  startup.o(RESET)
    UART2_Handler                            0x00000117   Thumb Code     0  startup.o(RESET)
    USB0_Handler                             0x00000117   Thumb Code     0  startup.o(RESET)
    WDT_Handler                              0x00000117   Thumb Code     0  startup.o(RESET)
    uDMA_Error                               0x00000117   Thumb Code     0  startup.o(RESET)
    uDMA_Handler                             0x00000117   Thumb Code     0  startup.o(RESET)
    DisableInterrupts                        0x00000119   Thumb Code     0  startup.o(RESET)
    EnableInterrupts                         0x0000011d   Thumb Code     0  startup.o(RESET)
    StartCritical                            0x00000121   Thumb Code     0  startup.o(RESET)
    EndCritical                              0x00000129   Thumb Code     0  startup.o(RESET)
    WaitForInterrupt                         0x0000012f   Thumb Code     0  startup.o(RESET)
    SysTick_Init                             0x00000135   Thumb Code     0  systick.o(.text)
    SysTick_Wait                             0x00000155   Thumb Code     0  systick.o(.text)
    SysTick_Wait10ms                         0x00000169   Thumb Code     0  systick.o(.text)
    Start                                    0x0000043d   Thumb Code     0  systicktestmain.o(.text)
    PLL_Init                                 0x00000561   Thumb Code     0  pll.o(.text)



==============================================================================

Memory Map of the image

  Image Entry point : 0x00000101

  Load Region LR_1 (Base: 0x00000000, Size: 0x000005b0, Max: 0xffffffff, ABSOLUTE)

    Execution Region ER_RO (Base: 0x00000000, Size: 0x000005b0, Max: 0xffffffff, ABSOLUTE)

    Base Addr    Size         Type   Attr      Idx    E Section Name        Object

    0x00000000   0x00000134   Code   RO            2  * RESET               startup.o
    0x00000134   0x00000060   Code   RO            8    .text               systick.o
    0x00000194   0x000003cc   Code   RO           11    .text               systicktestmain.o
    0x00000560   0x00000050   Code   RO           14    .text               pll.o


    Execution Region ER_RW (Base: 0x20000000, Size: 0x00000000, Max: 0xffffffff, ABSOLUTE)

    **** No section assigned to this execution region ****


    Execution Region ER_ZI (Base: 0x20000000, Size: 0x00000400, Max: 0xffffffff, ABSOLUTE)

    Base Addr    Size         Type   Attr      Idx    E Section Name        Object

    0x20000000   0x00000400   Zero   RW            1    STACK               startup.o


==============================================================================

Image component sizes


      Code (inc. data)   RO Data    RW Data    ZI Data      Debug   Object Name

        80         10          0          0          0        192   pll.o
       308        258          0          0       1024        712   startup.o
        96         22          0          0          0        208   systick.o
       972        742          0          0          0        280   systicktestmain.o

    ----------------------------------------------------------------------
      1456       1032          0          0       1024       1392   Object Totals
         0          0          0          0          0          0   (incl. Generated)
         0          0          0          0          0          0   (incl. Padding)

    ----------------------------------------------------------------------
         0          0          0          0          0          0   Library Totals
         0          0          0          0          0          0   (incl. Padding)

    ----------------------------------------------------------------------

==============================================================================


      Code (inc. data)   RO Data    RW Data    ZI Data      Debug   

      1456       1032          0          0       1024       1392   Grand Totals
      1456       1032          0          0       1024       1392   ELF Image Totals
      1456       1032          0          0          0          0   ROM Totals

==============================================================================

    Total RO  Size (Code + RO Data)                 1456 (   1.42kB)
    Total RW  Size (RW Data + ZI Data)              1024 (   1.00kB)
    Total ROM Size (Code + RO Data + RW Data)       1456 (   1.42kB)

==============================================================================

