******************************************************************************
                  TMS470 Linker PC v4.9.1                      
******************************************************************************
>> Linked Tue Jul 03 17:54:10 2012

OUTPUT FILE NAME:   <PeriodicSysTickInts_1968.out>
ENTRY POINT SYMBOL: "_c_int00"  address: 00000569


MEMORY CONFIGURATION

         name            origin    length      used     unused   attr    fill
----------------------  --------  ---------  --------  --------  ----  --------
  FLASH                 00000000   00040000  0000065e  0003f9a2  R  X
  SRAM                  20000000   00010000  0000011c  0000fee4  RW X


SEGMENT ALLOCATION MAP

run origin  load origin   length   init length attrs members
----------  ----------- ---------- ----------- ----- -------
00000000    00000000    00000660   00000660    r-x
  00000000    00000000    000000f0   000000f0    r-- .intvecs
  000000f0    000000f0    00000536   00000536    r-x .text
  00000628    00000628    00000038   00000038    r-- .cinit
20000000    20000000    00000100   00000000    rw-
  20000000    20000000    00000100   00000000    rw- .stack
20000100    20000100    0000001c   00000018    rw-
  20000100    20000100    00000018   00000018    rw- .data
  20000118    20000118    00000004   00000000    rw- .bss


SECTION ALLOCATION MAP

 output                                  attributes/
section   page    origin      length       input sections
--------  ----  ----------  ----------   ----------------
.intvecs   0    00000000    000000f0     
                  00000000    000000f0     startup_ccsValvanoWare.obj (.intvecs)

.text      0    000000f0    00000536     
                  000000f0    00000128     driverlib.lib : sysctl.obj (.text:SysCtlClockSet)
                  00000218    0000009e     startup_ccsValvanoWare.obj (.text)
                  000002b6    0000009c     rtsv7M3_T_le_eabi.lib : memcpy_t2.obj (.text)
                  00000352    00000002     --HOLE-- [fill = 0]
                  00000354    00000094     SysTickInts.obj (.text)
                  000003e8    00000094     rtsv7M3_T_le_eabi.lib : auto_init.obj (.text)
                  0000047c    0000005e                           : copy_decompress_rle.obj (.text)
                  000004da    00000002     --HOLE-- [fill = 0]
                  000004dc    00000048                           : cpy_tbl.obj (.text)
                  00000524    00000044                           : exit.obj (.text)
                  00000568    00000034                           : boot.obj (.text)
                  0000059c    00000020     PeriodicSysTickInts.obj (.text)
                  000005bc    00000018     rtsv7M3_T_le_eabi.lib : _lock.obj (.text)
                  000005d4    00000018                           : args_main.obj (.text)
                  000005ec    00000014     driverlib.lib : sysctl.obj (.text:SysCtlDelay)
                  00000600    00000012     rtsv7M3_T_le_eabi.lib : copy_zero_init.obj (.text:decompress:ZI)
                  00000612    0000000e                           : copy_decompress_none.obj (.text:decompress:none)
                  00000620    00000006                           : copy_decompress_rle.obj (.text:decompress:rle24)

.cinit     0    00000628    00000038     
                  00000628    0000000f     (.cinit..data.load) [load image, compression = rle]
                  00000637    00000001     --HOLE-- [fill = 0]
                  00000638    0000000c     (__TI_handler_table)
                  00000644    00000004     --HOLE-- [fill = 0]
                  00000648    00000008     (.cinit..bss.load) [load image, compression = zero_init]
                  00000650    00000010     (__TI_cinit_table)

.stack     0    20000000    00000100     UNINITIALIZED
                  20000000    00000100     --HOLE--

.data      0    20000100    00000018     
                  20000100    00000008     rtsv7M3_T_le_eabi.lib : _lock.obj (.data)
                  20000108    00000008                           : exit.obj (.data)
                  20000110    00000004     SysTickInts.obj (.data)
                  20000114    00000004     rtsv7M3_T_le_eabi.lib : stkdepth_vars.obj (.data)

.bss       0    20000118    00000004     UNINITIALIZED
                  20000118    00000004     driverlib.lib : sysctl.obj (.bss)


LINKER GENERATED COPY TABLES

__TI_cinit_table @ 00000650 records: 2, size/record: 8, table size: 16
	.data: load addr=00000628, load size=0000000f bytes, run addr=20000100, run size=00000018 bytes, compression=rle
	.bss: load addr=00000648, load size=00000008 bytes, run addr=20000118, run size=00000004 bytes, compression=zero_init


LINKER GENERATED HANDLER TABLE

__TI_handler_table @ 00000638 records: 3, size/record: 4, table size: 12
	index: 0, handler: __TI_decompress_rle24
	index: 1, handler: __TI_decompress_none
	index: 2, handler: __TI_zero_init


GLOBAL SYMBOLS: SORTED ALPHABETICALLY BY Name 

address    name
--------   ----
0000024f   ADC0_Handler
00000251   ADC1_Handler
00000253   ADC2_Handler
00000255   ADC3_Handler
00000525   C$$EXIT
00000281   CAN0_Handler
00000283   CAN1_Handler
00000285   CAN2_Handler
00000265   Comp0_Handler
00000267   Comp1_Handler
00000269   Comp2_Handler
20000110   Counts
00000293   DisableInterrupts
00000299   EnableInterrupts
000002a9   EndCritical
00000287   Ethernet_Handler
0000026d   FlashCtl_Handler
00000233   GPIOPortA_Handler
00000235   GPIOPortB_Handler
00000237   GPIOPortC_Handler
00000239   GPIOPortD_Handler
0000023b   GPIOPortE_Handler
0000026f   GPIOPortF_Handler
00000271   GPIOPortG_Handler
00000273   GPIOPortH_Handler
00000289   Hibernate_Handler
00000243   I2C0_Handler
0000027d   I2C1_Handler
00000231   IntDefaultHandler
00000247   PWM0_Handler
00000249   PWM1_Handler
0000024b   PWM2_Handler
0000028d   PWM3_Handler
00000245   PWMFault_Handler
0000022d   PendSV_Handler
0000024d   Quadrature0_Handler
0000027f   Quadrature1_Handler
00000241   SSI0_Handler
00000277   SSI1_Handler
0000029f   StartCritical
000000f1   SysCtlClockSet
000005ed   SysCtlDelay
0000026b   SysCtl_Handler
000003ad   SysTick_Handler
00000355   SysTick_Init
00000259   Timer0A_Handler
0000025b   Timer0B_Handler
0000025d   Timer1A_Handler
0000025f   Timer1B_Handler
00000261   Timer2A_Handler
00000263   Timer2B_Handler
00000279   Timer3A_Handler
0000027b   Timer3B_Handler
0000023d   UART0_Handler
0000023f   UART1_Handler
00000275   UART2_Handler
0000028b   USB0_Handler
00000257   WDT_Handler
000002b1   WaitForInterrupt
20000100   __STACK_END
00000100   __STACK_SIZE
20000100   __STACK_TOP
00000650   __TI_CINIT_Base
00000660   __TI_CINIT_Limit
00000638   __TI_Handler_Table_Base
00000644   __TI_Handler_Table_Limit
00000001   __TI_args_main
000003e9   __TI_auto_init
00000613   __TI_decompress_none
00000621   __TI_decompress_rle24
00000000   __TI_static_base__
00000601   __TI_zero_init
000002b7   __aeabi_memcpy
000002b7   __aeabi_memcpy4
000002b7   __aeabi_memcpy8
ffffffff   __binit__
ffffffff   __c_args__
20000000   __stack
000005d5   _args_main
00000569   _c_int00
20000108   _cleanup_ptr
2000010c   _dtors_ptr
20000100   _lock
000005c9   _nop
000005c3   _register_lock
000005bd   _register_unlock
20000104   _unlock
00000529   abort
ffffffff   binit
000004dd   copy_in
00000531   exit
00000000   g_pfnVectors
20000118   g_ulInlineCCSWorkaround
0000059d   main
20000114   main_func_sp
000002b7   memcpy
00000291   uDMA_Error
0000028f   uDMA_Handler


GLOBAL SYMBOLS: SORTED BY Symbol Address 

address    name
--------   ----
00000000   __TI_static_base__
00000000   g_pfnVectors
00000001   __TI_args_main
000000f1   SysCtlClockSet
00000100   __STACK_SIZE
0000022d   PendSV_Handler
00000231   IntDefaultHandler
00000233   GPIOPortA_Handler
00000235   GPIOPortB_Handler
00000237   GPIOPortC_Handler
00000239   GPIOPortD_Handler
0000023b   GPIOPortE_Handler
0000023d   UART0_Handler
0000023f   UART1_Handler
00000241   SSI0_Handler
00000243   I2C0_Handler
00000245   PWMFault_Handler
00000247   PWM0_Handler
00000249   PWM1_Handler
0000024b   PWM2_Handler
0000024d   Quadrature0_Handler
0000024f   ADC0_Handler
00000251   ADC1_Handler
00000253   ADC2_Handler
00000255   ADC3_Handler
00000257   WDT_Handler
00000259   Timer0A_Handler
0000025b   Timer0B_Handler
0000025d   Timer1A_Handler
0000025f   Timer1B_Handler
00000261   Timer2A_Handler
00000263   Timer2B_Handler
00000265   Comp0_Handler
00000267   Comp1_Handler
00000269   Comp2_Handler
0000026b   SysCtl_Handler
0000026d   FlashCtl_Handler
0000026f   GPIOPortF_Handler
00000271   GPIOPortG_Handler
00000273   GPIOPortH_Handler
00000275   UART2_Handler
00000277   SSI1_Handler
00000279   Timer3A_Handler
0000027b   Timer3B_Handler
0000027d   I2C1_Handler
0000027f   Quadrature1_Handler
00000281   CAN0_Handler
00000283   CAN1_Handler
00000285   CAN2_Handler
00000287   Ethernet_Handler
00000289   Hibernate_Handler
0000028b   USB0_Handler
0000028d   PWM3_Handler
0000028f   uDMA_Handler
00000291   uDMA_Error
00000293   DisableInterrupts
00000299   EnableInterrupts
0000029f   StartCritical
000002a9   EndCritical
000002b1   WaitForInterrupt
000002b7   __aeabi_memcpy
000002b7   __aeabi_memcpy4
000002b7   __aeabi_memcpy8
000002b7   memcpy
00000355   SysTick_Init
000003ad   SysTick_Handler
000003e9   __TI_auto_init
000004dd   copy_in
00000525   C$$EXIT
00000529   abort
00000531   exit
00000569   _c_int00
0000059d   main
000005bd   _register_unlock
000005c3   _register_lock
000005c9   _nop
000005d5   _args_main
000005ed   SysCtlDelay
00000601   __TI_zero_init
00000613   __TI_decompress_none
00000621   __TI_decompress_rle24
00000638   __TI_Handler_Table_Base
00000644   __TI_Handler_Table_Limit
00000650   __TI_CINIT_Base
00000660   __TI_CINIT_Limit
20000000   __stack
20000100   __STACK_END
20000100   __STACK_TOP
20000100   _lock
20000104   _unlock
20000108   _cleanup_ptr
2000010c   _dtors_ptr
20000110   Counts
20000114   main_func_sp
20000118   g_ulInlineCCSWorkaround
ffffffff   __binit__
ffffffff   __c_args__
ffffffff   binit

[98 symbols]
