ARM Linker, 4.1 [Build 894] [Evaluation]

==============================================================================

Section Cross References

    startup.o(RESET) refers to startup.o(STACK) for StackMem
    startup.o(RESET) refers to gamesound.o(.text) for SysTick_Handler
    startup.o(RESET) refers to portgints.o(.text) for GPIOPortG_Handler
    startup.o(RESET) refers to entry.o(.ARM.Collect$$$$00000000) for __main
    output.o(.text) refers to rit128x96x4.o(.text) for RIT128x96x4StringDraw
    output.o(.text) refers to output.o(.bss) for CharBuffer
    output.o(.text) refers to output.o(.data) for Color
    rit128x96x4.o(.text) refers to ssi.o(i.SSIBusy) for SSIBusy
    rit128x96x4.o(.text) refers to gpio.o(i.GPIOPinWrite) for GPIOPinWrite
    rit128x96x4.o(.text) refers to ssi.o(i.SSIDataPut) for SSIDataPut
    rit128x96x4.o(.text) refers to ssi.o(i.SSIDisable) for SSIDisable
    rit128x96x4.o(.text) refers to sysctl.o(i.SysCtlClockGet) for SysCtlClockGet
    rit128x96x4.o(.text) refers to ssi.o(i.SSIConfigSetExpClk) for SSIConfigSetExpClk
    rit128x96x4.o(.text) refers to gpio.o(i.GPIOPinTypeSSI) for GPIOPinTypeSSI
    rit128x96x4.o(.text) refers to gpio.o(i.GPIOPadConfigSet) for GPIOPadConfigSet
    rit128x96x4.o(.text) refers to ssi.o(i.SSIEnable) for SSIEnable
    rit128x96x4.o(.text) refers to ssi.o(i.SSIDataGetNonBlocking) for SSIDataGetNonBlocking
    rit128x96x4.o(.text) refers to gpio.o(i.GPIOPinTypeGPIOOutput) for GPIOPinTypeGPIOOutput
    rit128x96x4.o(.text) refers to sysctl.o(i.SysCtlPeripheralEnable) for SysCtlPeripheralEnable
    rit128x96x4.o(.text) refers to rit128x96x4.o(.data) for g_ulSSIFlags
    rit128x96x4.o(.text) refers to rit128x96x4.o(.constdata) for pucCommand1
    logo.o(.text) refers to rit128x96x4.o(.text) for RIT128x96x4ImageDraw
    battleship_main.o(.text) refers to gamesound.o(.text) for Sound_Init
    battleship_main.o(.text) refers to sysctl.o(i.SysCtlClockSet) for SysCtlClockSet
    battleship_main.o(.text) refers to adc.o(.text) for ADC_Init
    battleship_main.o(.text) refers to display.o(.text) for Display_Init
    battleship_main.o(.text) refers to portgints.o(.text) for PortGInts_Init
    battleship_main.o(.text) refers to startup.o(.text) for EnableInterrupts
    battleship_main.o(.text) refers to printfb.o(i.__0printf$bare) for __2printf
    battleship_main.o(.text) refers to utils.o(.emb_text) for Delay1
    battleship_main.o(.text) refers to utils.o(.text) for Seed
    battleship_main.o(.text) refers to grid.o(.text) for Grid_Init
    battleship_main.o(.text) refers to gamesound.o(.data) for Music
    battleship_main.o(.text) refers to display.o(.data) for Turn
    display.o(.text) refers to output.o(.text) for Output_Init
    display.o(.text) refers to rit128x96x4.o(.text) for RIT128x96x4Init
    display.o(.text) refers to logo.o(.text) for RIT128x96x4_BMP
    display.o(.text) refers to printfb.o(i.__0printf$bare) for __2printf
    display.o(.text) refers to gamesound.o(.text) for SysTick_Init
    display.o(.text) refers to grid.o(.text) for Grid_GetGrid
    display.o(.text) refers to memcpya.o(.text) for __aeabi_memcpy4
    display.o(.text) refers to battleshipcover.o(.constdata) for battleshipCover
    display.o(.text) refers to menu.o(.constdata) for menuBorder
    display.o(.text) refers to win.o(.constdata) for YouWin
    display.o(.text) refers to lose.o(.constdata) for YouLost
    display.o(.text) refers to gamesound.o(.data) for SFX
    display.o(.text) refers to gridtiles.o(.constdata) for HitTile
    display.o(.text) refers to battleships.o(.constdata) for HSmallShipFront
    display.o(.text) refers to display.o(.data) for New
    grid.o(.text) refers to utils.o(.text) for Random
    grid.o(.text) refers to grid.o(.data) for enemyGrid
    grid.o(.text) refers to malloc.o(i.malloc) for malloc
    grid.o(.text) refers to malloc.o(i.free) for free
    grid.o(.text) refers to display.o(.text) for Display_Hit
    grid.o(.text) refers to memcpya.o(.text) for __aeabi_memcpy
    portgints.o(.text) refers to utils.o(.emb_text) for Delay1
    portgints.o(.text) refers to display.o(.text) for Display_MoveCursor
    portgints.o(.text) refers to grid.o(.text) for Grid_Attack
    portgints.o(.text) refers to portgints.o(.data) for Counts1
    portgints.o(.text) refers to display.o(.data) for Turn
    utils.o(.text) refers to utils.o(.data) for M
    gamesound.o(.text) refers to dac.o(.text) for DAC_Init
    gamesound.o(.text) refers to pll.o(.text) for PLL_Init
    gamesound.o(.text) refers to gamesound.o(.data) for Counts
    gamesound.o(.text) refers to gamesound.o(.constdata) for freq_arr
    gpio.o(i.GPIOPinConfigure) refers to gpio.o(.constdata) for .constdata
    gpio.o(i.GPIOPinTypeADC) refers to gpio.o(i.GPIODirModeSet) for GPIODirModeSet
    gpio.o(i.GPIOPinTypeADC) refers to gpio.o(i.GPIOPadConfigSet) for GPIOPadConfigSet
    gpio.o(i.GPIOPinTypeCAN) refers to gpio.o(i.GPIODirModeSet) for GPIODirModeSet
    gpio.o(i.GPIOPinTypeCAN) refers to gpio.o(i.GPIOPadConfigSet) for GPIOPadConfigSet
    gpio.o(i.GPIOPinTypeComparator) refers to gpio.o(i.GPIODirModeSet) for GPIODirModeSet
    gpio.o(i.GPIOPinTypeComparator) refers to gpio.o(i.GPIOPadConfigSet) for GPIOPadConfigSet
    gpio.o(i.GPIOPinTypeEPI) refers to gpio.o(i.GPIODirModeSet) for GPIODirModeSet
    gpio.o(i.GPIOPinTypeEPI) refers to gpio.o(i.GPIOPadConfigSet) for GPIOPadConfigSet
    gpio.o(i.GPIOPinTypeEthernetLED) refers to gpio.o(i.GPIODirModeSet) for GPIODirModeSet
    gpio.o(i.GPIOPinTypeEthernetLED) refers to gpio.o(i.GPIOPadConfigSet) for GPIOPadConfigSet
    gpio.o(i.GPIOPinTypeGPIOInput) refers to gpio.o(i.GPIODirModeSet) for GPIODirModeSet
    gpio.o(i.GPIOPinTypeGPIOInput) refers to gpio.o(i.GPIOPadConfigSet) for GPIOPadConfigSet
    gpio.o(i.GPIOPinTypeGPIOOutput) refers to gpio.o(i.GPIODirModeSet) for GPIODirModeSet
    gpio.o(i.GPIOPinTypeGPIOOutput) refers to gpio.o(i.GPIOPadConfigSet) for GPIOPadConfigSet
    gpio.o(i.GPIOPinTypeGPIOOutputOD) refers to gpio.o(i.GPIODirModeSet) for GPIODirModeSet
    gpio.o(i.GPIOPinTypeGPIOOutputOD) refers to gpio.o(i.GPIOPadConfigSet) for GPIOPadConfigSet
    gpio.o(i.GPIOPinTypeI2C) refers to gpio.o(i.GPIODirModeSet) for GPIODirModeSet
    gpio.o(i.GPIOPinTypeI2C) refers to gpio.o(i.GPIOPadConfigSet) for GPIOPadConfigSet
    gpio.o(i.GPIOPinTypeI2S) refers to gpio.o(i.GPIODirModeSet) for GPIODirModeSet
    gpio.o(i.GPIOPinTypeI2S) refers to gpio.o(i.GPIOPadConfigSet) for GPIOPadConfigSet
    gpio.o(i.GPIOPinTypePWM) refers to gpio.o(i.GPIODirModeSet) for GPIODirModeSet
    gpio.o(i.GPIOPinTypePWM) refers to gpio.o(i.GPIOPadConfigSet) for GPIOPadConfigSet
    gpio.o(i.GPIOPinTypeQEI) refers to gpio.o(i.GPIODirModeSet) for GPIODirModeSet
    gpio.o(i.GPIOPinTypeQEI) refers to gpio.o(i.GPIOPadConfigSet) for GPIOPadConfigSet
    gpio.o(i.GPIOPinTypeSSI) refers to gpio.o(i.GPIODirModeSet) for GPIODirModeSet
    gpio.o(i.GPIOPinTypeSSI) refers to gpio.o(i.GPIOPadConfigSet) for GPIOPadConfigSet
    gpio.o(i.GPIOPinTypeTimer) refers to gpio.o(i.GPIODirModeSet) for GPIODirModeSet
    gpio.o(i.GPIOPinTypeTimer) refers to gpio.o(i.GPIOPadConfigSet) for GPIOPadConfigSet
    gpio.o(i.GPIOPinTypeUART) refers to gpio.o(i.GPIODirModeSet) for GPIODirModeSet
    gpio.o(i.GPIOPinTypeUART) refers to gpio.o(i.GPIOPadConfigSet) for GPIOPadConfigSet
    gpio.o(i.GPIOPinTypeUSBAnalog) refers to gpio.o(i.GPIODirModeSet) for GPIODirModeSet
    gpio.o(i.GPIOPinTypeUSBAnalog) refers to gpio.o(i.GPIOPadConfigSet) for GPIOPadConfigSet
    gpio.o(i.GPIOPinTypeUSBDigital) refers to gpio.o(i.GPIODirModeSet) for GPIODirModeSet
    gpio.o(i.GPIOPinTypeUSBDigital) refers to gpio.o(i.GPIOPadConfigSet) for GPIOPadConfigSet
    gpio.o(i.GPIOPortIntRegister) refers to gpio.o(i.GPIOGetIntNumber) for GPIOGetIntNumber
    gpio.o(i.GPIOPortIntRegister) refers to interrupt.o(i.IntRegister) for IntRegister
    gpio.o(i.GPIOPortIntRegister) refers to interrupt.o(i.IntEnable) for IntEnable
    gpio.o(i.GPIOPortIntUnregister) refers to gpio.o(i.GPIOGetIntNumber) for GPIOGetIntNumber
    gpio.o(i.GPIOPortIntUnregister) refers to interrupt.o(i.IntDisable) for IntDisable
    gpio.o(i.GPIOPortIntUnregister) refers to interrupt.o(i.IntUnregister) for IntUnregister
    ssi.o(i.SSIIntRegister) refers to interrupt.o(i.IntRegister) for IntRegister
    ssi.o(i.SSIIntRegister) refers to interrupt.o(i.IntEnable) for IntEnable
    ssi.o(i.SSIIntUnregister) refers to interrupt.o(i.IntDisable) for IntDisable
    ssi.o(i.SSIIntUnregister) refers to interrupt.o(i.IntUnregister) for IntUnregister
    sysctl.o(i.SysCtlClockGet) refers to sysctl.o(.constdata) for .constdata
    sysctl.o(i.SysCtlClockSet) refers to sysctl.o(.emb_text) for SysCtlDelay
    sysctl.o(i.SysCtlDeepSleep) refers to cpu.o(.emb_text) for CPUwfi
    sysctl.o(i.SysCtlI2SMClkSet) refers to sysctl.o(.constdata) for .constdata
    sysctl.o(i.SysCtlIntRegister) refers to interrupt.o(i.IntRegister) for IntRegister
    sysctl.o(i.SysCtlIntRegister) refers to interrupt.o(i.IntEnable) for IntEnable
    sysctl.o(i.SysCtlIntUnregister) refers to interrupt.o(i.IntDisable) for IntDisable
    sysctl.o(i.SysCtlIntUnregister) refers to interrupt.o(i.IntUnregister) for IntUnregister
    sysctl.o(i.SysCtlPeripheralDeepSleepDisable) refers to sysctl.o(.constdata) for .constdata
    sysctl.o(i.SysCtlPeripheralDeepSleepEnable) refers to sysctl.o(.constdata) for .constdata
    sysctl.o(i.SysCtlPeripheralDisable) refers to sysctl.o(.constdata) for .constdata
    sysctl.o(i.SysCtlPeripheralEnable) refers to sysctl.o(.constdata) for .constdata
    sysctl.o(i.SysCtlPeripheralPresent) refers to sysctl.o(.constdata) for .constdata
    sysctl.o(i.SysCtlPeripheralReset) refers to sysctl.o(.constdata) for .constdata
    sysctl.o(i.SysCtlPeripheralSleepDisable) refers to sysctl.o(.constdata) for .constdata
    sysctl.o(i.SysCtlPeripheralSleepEnable) refers to sysctl.o(.constdata) for .constdata
    sysctl.o(i.SysCtlSleep) refers to cpu.o(.emb_text) for CPUwfi
    interrupt.o(i.IntMasterDisable) refers to cpu.o(.emb_text) for CPUcpsid
    interrupt.o(i.IntMasterEnable) refers to cpu.o(.emb_text) for CPUcpsie
    interrupt.o(i.IntPriorityGet) refers to interrupt.o(.constdata) for .constdata
    interrupt.o(i.IntPriorityGroupingGet) refers to interrupt.o(.constdata) for .constdata
    interrupt.o(i.IntPriorityGroupingSet) refers to interrupt.o(.constdata) for .constdata
    interrupt.o(i.IntPrioritySet) refers to interrupt.o(.constdata) for .constdata
    interrupt.o(i.IntRegister) refers to interrupt.o(vtable) for vtable
    interrupt.o(i.IntUnregister) refers to interrupt.o(i.IntDefaultHandler) for IntDefaultHandler
    interrupt.o(i.IntUnregister) refers to interrupt.o(vtable) for vtable
    entry.o(.ARM.Collect$$$$00000000) refers (Special) to entry7b.o(.ARM.Collect$$$$00000008) for _main_clock
    entry.o(.ARM.Collect$$$$00000000) refers (Special) to entry8.o(.ARM.Collect$$$$00000009) for _main_init
    entry.o(.ARM.Collect$$$$00000000) refers (Special) to entry5.o(.ARM.Collect$$$$00000004) for _main_scatterload
    entry.o(.ARM.Collect$$$$00000000) refers (Special) to entry2.o(.ARM.Collect$$$$00000001) for _main_stk
    printfb.o(i.__0fprintf$bare) refers to printfb.o(i._printf_core) for _printf_core
    printfb.o(i.__0fprintf$bare) refers to output.o(.text) for fputc
    printfb.o(i.__0printf$bare) refers to printfb.o(i._printf_core) for _printf_core
    printfb.o(i.__0printf$bare) refers to output.o(.text) for fputc
    printfb.o(i.__0printf$bare) refers to stdout.o(.data) for __stdout
    printfb.o(i.__0snprintf$bare) refers to printfb.o(i._printf_core) for _printf_core
    printfb.o(i.__0snprintf$bare) refers to printfb.o(i._snputc) for _snputc
    printfb.o(i.__0sprintf$bare) refers to printfb.o(i._printf_core) for _printf_core
    printfb.o(i.__0sprintf$bare) refers to printfb.o(i._sputc) for _sputc
    printfb.o(i.__0vfprintf$bare) refers to printfb.o(i._printf_core) for _printf_core
    printfb.o(i.__0vfprintf$bare) refers to output.o(.text) for fputc
    printfb.o(i.__0vprintf$bare) refers to printfb.o(i._printf_core) for _printf_core
    printfb.o(i.__0vprintf$bare) refers to output.o(.text) for fputc
    printfb.o(i.__0vprintf$bare) refers to stdout.o(.data) for __stdout
    printfb.o(i.__0vsnprintf$bare) refers to printfb.o(i._printf_core) for _printf_core
    printfb.o(i.__0vsnprintf$bare) refers to printfb.o(i._snputc) for _snputc
    printfb.o(i.__0vsprintf$bare) refers to printfb.o(i._printf_core) for _printf_core
    printfb.o(i.__0vsprintf$bare) refers to printfb.o(i._sputc) for _sputc
    printf0.o(i.__0fprintf$0) refers to printf0.o(i._printf_core) for _printf_core
    printf0.o(i.__0fprintf$0) refers to output.o(.text) for fputc
    printf0.o(i.__0printf$0) refers to printf0.o(i._printf_core) for _printf_core
    printf0.o(i.__0printf$0) refers to output.o(.text) for fputc
    printf0.o(i.__0printf$0) refers to stdout.o(.data) for __stdout
    printf0.o(i.__0snprintf$0) refers to printf0.o(i._printf_core) for _printf_core
    printf0.o(i.__0snprintf$0) refers to printf0.o(i._snputc) for _snputc
    printf0.o(i.__0sprintf$0) refers to printf0.o(i._printf_core) for _printf_core
    printf0.o(i.__0sprintf$0) refers to printf0.o(i._sputc) for _sputc
    printf0.o(i.__0vfprintf$0) refers to printf0.o(i._printf_core) for _printf_core
    printf0.o(i.__0vfprintf$0) refers to output.o(.text) for fputc
    printf0.o(i.__0vprintf$0) refers to printf0.o(i._printf_core) for _printf_core
    printf0.o(i.__0vprintf$0) refers to output.o(.text) for fputc
    printf0.o(i.__0vprintf$0) refers to stdout.o(.data) for __stdout
    printf0.o(i.__0vsnprintf$0) refers to printf0.o(i._printf_core) for _printf_core
    printf0.o(i.__0vsnprintf$0) refers to printf0.o(i._snputc) for _snputc
    printf0.o(i.__0vsprintf$0) refers to printf0.o(i._printf_core) for _printf_core
    printf0.o(i.__0vsprintf$0) refers to printf0.o(i._sputc) for _sputc
    printf1.o(i.__0fprintf$1) refers to printf1.o(i._printf_core) for _printf_core
    printf1.o(i.__0fprintf$1) refers to output.o(.text) for fputc
    printf1.o(i.__0printf$1) refers to printf1.o(i._printf_core) for _printf_core
    printf1.o(i.__0printf$1) refers to output.o(.text) for fputc
    printf1.o(i.__0printf$1) refers to stdout.o(.data) for __stdout
    printf1.o(i.__0snprintf$1) refers to printf1.o(i._printf_core) for _printf_core
    printf1.o(i.__0snprintf$1) refers to printf1.o(i._snputc) for _snputc
    printf1.o(i.__0sprintf$1) refers to printf1.o(i._printf_core) for _printf_core
    printf1.o(i.__0sprintf$1) refers to printf1.o(i._sputc) for _sputc
    printf1.o(i.__0vfprintf$1) refers to printf1.o(i._printf_core) for _printf_core
    printf1.o(i.__0vfprintf$1) refers to output.o(.text) for fputc
    printf1.o(i.__0vprintf$1) refers to printf1.o(i._printf_core) for _printf_core
    printf1.o(i.__0vprintf$1) refers to output.o(.text) for fputc
    printf1.o(i.__0vprintf$1) refers to stdout.o(.data) for __stdout
    printf1.o(i.__0vsnprintf$1) refers to printf1.o(i._printf_core) for _printf_core
    printf1.o(i.__0vsnprintf$1) refers to printf1.o(i._snputc) for _snputc
    printf1.o(i.__0vsprintf$1) refers to printf1.o(i._printf_core) for _printf_core
    printf1.o(i.__0vsprintf$1) refers to printf1.o(i._sputc) for _sputc
    printf1.o(i._printf_core) refers to uidiv.o(.text) for __aeabi_uidivmod
    printf2.o(i.__0fprintf$2) refers to printf2.o(i._printf_core) for _printf_core
    printf2.o(i.__0fprintf$2) refers to output.o(.text) for fputc
    printf2.o(i.__0printf$2) refers to printf2.o(i._printf_core) for _printf_core
    printf2.o(i.__0printf$2) refers to output.o(.text) for fputc
    printf2.o(i.__0printf$2) refers to stdout.o(.data) for __stdout
    printf2.o(i.__0snprintf$2) refers to printf2.o(i._printf_core) for _printf_core
    printf2.o(i.__0snprintf$2) refers to printf2.o(i._snputc) for _snputc
    printf2.o(i.__0sprintf$2) refers to printf2.o(i._printf_core) for _printf_core
    printf2.o(i.__0sprintf$2) refers to printf2.o(i._sputc) for _sputc
    printf2.o(i.__0vfprintf$2) refers to printf2.o(i._printf_core) for _printf_core
    printf2.o(i.__0vfprintf$2) refers to output.o(.text) for fputc
    printf2.o(i.__0vprintf$2) refers to printf2.o(i._printf_core) for _printf_core
    printf2.o(i.__0vprintf$2) refers to output.o(.text) for fputc
    printf2.o(i.__0vprintf$2) refers to stdout.o(.data) for __stdout
    printf2.o(i.__0vsnprintf$2) refers to printf2.o(i._printf_core) for _printf_core
    printf2.o(i.__0vsnprintf$2) refers to printf2.o(i._snputc) for _snputc
    printf2.o(i.__0vsprintf$2) refers to printf2.o(i._printf_core) for _printf_core
    printf2.o(i.__0vsprintf$2) refers to printf2.o(i._sputc) for _sputc
    printf3.o(i.__0fprintf$3) refers to printf3.o(i._printf_core) for _printf_core
    printf3.o(i.__0fprintf$3) refers to output.o(.text) for fputc
    printf3.o(i.__0printf$3) refers to printf3.o(i._printf_core) for _printf_core
    printf3.o(i.__0printf$3) refers to output.o(.text) for fputc
    printf3.o(i.__0printf$3) refers to stdout.o(.data) for __stdout
    printf3.o(i.__0snprintf$3) refers to printf3.o(i._printf_core) for _printf_core
    printf3.o(i.__0snprintf$3) refers to printf3.o(i._snputc) for _snputc
    printf3.o(i.__0sprintf$3) refers to printf3.o(i._printf_core) for _printf_core
    printf3.o(i.__0sprintf$3) refers to printf3.o(i._sputc) for _sputc
    printf3.o(i.__0vfprintf$3) refers to printf3.o(i._printf_core) for _printf_core
    printf3.o(i.__0vfprintf$3) refers to output.o(.text) for fputc
    printf3.o(i.__0vprintf$3) refers to printf3.o(i._printf_core) for _printf_core
    printf3.o(i.__0vprintf$3) refers to output.o(.text) for fputc
    printf3.o(i.__0vprintf$3) refers to stdout.o(.data) for __stdout
    printf3.o(i.__0vsnprintf$3) refers to printf3.o(i._printf_core) for _printf_core
    printf3.o(i.__0vsnprintf$3) refers to printf3.o(i._snputc) for _snputc
    printf3.o(i.__0vsprintf$3) refers to printf3.o(i._printf_core) for _printf_core
    printf3.o(i.__0vsprintf$3) refers to printf3.o(i._sputc) for _sputc
    printf3.o(i._printf_core) refers to uidiv.o(.text) for __aeabi_uidivmod
    printf4.o(i.__0fprintf$4) refers to printf4.o(i._printf_core) for _printf_core
    printf4.o(i.__0fprintf$4) refers to output.o(.text) for fputc
    printf4.o(i.__0printf$4) refers to printf4.o(i._printf_core) for _printf_core
    printf4.o(i.__0printf$4) refers to output.o(.text) for fputc
    printf4.o(i.__0printf$4) refers to stdout.o(.data) for __stdout
    printf4.o(i.__0snprintf$4) refers to printf4.o(i._printf_core) for _printf_core
    printf4.o(i.__0snprintf$4) refers to printf4.o(i._snputc) for _snputc
    printf4.o(i.__0sprintf$4) refers to printf4.o(i._printf_core) for _printf_core
    printf4.o(i.__0sprintf$4) refers to printf4.o(i._sputc) for _sputc
    printf4.o(i.__0vfprintf$4) refers to printf4.o(i._printf_core) for _printf_core
    printf4.o(i.__0vfprintf$4) refers to output.o(.text) for fputc
    printf4.o(i.__0vprintf$4) refers to printf4.o(i._printf_core) for _printf_core
    printf4.o(i.__0vprintf$4) refers to output.o(.text) for fputc
    printf4.o(i.__0vprintf$4) refers to stdout.o(.data) for __stdout
    printf4.o(i.__0vsnprintf$4) refers to printf4.o(i._printf_core) for _printf_core
    printf4.o(i.__0vsnprintf$4) refers to printf4.o(i._snputc) for _snputc
    printf4.o(i.__0vsprintf$4) refers to printf4.o(i._printf_core) for _printf_core
    printf4.o(i.__0vsprintf$4) refers to printf4.o(i._sputc) for _sputc
    printf4.o(i._printf_core) refers to uldiv.o(.text) for __aeabi_uldivmod
    printf5.o(i.__0fprintf$5) refers to printf5.o(i._printf_core) for _printf_core
    printf5.o(i.__0fprintf$5) refers to output.o(.text) for fputc
    printf5.o(i.__0printf$5) refers to printf5.o(i._printf_core) for _printf_core
    printf5.o(i.__0printf$5) refers to output.o(.text) for fputc
    printf5.o(i.__0printf$5) refers to stdout.o(.data) for __stdout
    printf5.o(i.__0snprintf$5) refers to printf5.o(i._printf_core) for _printf_core
    printf5.o(i.__0snprintf$5) refers to printf5.o(i._snputc) for _snputc
    printf5.o(i.__0sprintf$5) refers to printf5.o(i._printf_core) for _printf_core
    printf5.o(i.__0sprintf$5) refers to printf5.o(i._sputc) for _sputc
    printf5.o(i.__0vfprintf$5) refers to printf5.o(i._printf_core) for _printf_core
    printf5.o(i.__0vfprintf$5) refers to output.o(.text) for fputc
    printf5.o(i.__0vprintf$5) refers to printf5.o(i._printf_core) for _printf_core
    printf5.o(i.__0vprintf$5) refers to output.o(.text) for fputc
    printf5.o(i.__0vprintf$5) refers to stdout.o(.data) for __stdout
    printf5.o(i.__0vsnprintf$5) refers to printf5.o(i._printf_core) for _printf_core
    printf5.o(i.__0vsnprintf$5) refers to printf5.o(i._snputc) for _snputc
    printf5.o(i.__0vsprintf$5) refers to printf5.o(i._printf_core) for _printf_core
    printf5.o(i.__0vsprintf$5) refers to printf5.o(i._sputc) for _sputc
    printf5.o(i._printf_core) refers to uldiv.o(.text) for __aeabi_uldivmod
    printf6.o(i.__0fprintf$6) refers to printf6.o(i._printf_core) for _printf_core
    printf6.o(i.__0fprintf$6) refers to output.o(.text) for fputc
    printf6.o(i.__0printf$6) refers to printf6.o(i._printf_core) for _printf_core
    printf6.o(i.__0printf$6) refers to output.o(.text) for fputc
    printf6.o(i.__0printf$6) refers to stdout.o(.data) for __stdout
    printf6.o(i.__0snprintf$6) refers to printf6.o(i._printf_core) for _printf_core
    printf6.o(i.__0snprintf$6) refers to printf6.o(i._snputc) for _snputc
    printf6.o(i.__0sprintf$6) refers to printf6.o(i._printf_core) for _printf_core
    printf6.o(i.__0sprintf$6) refers to printf6.o(i._sputc) for _sputc
    printf6.o(i.__0vfprintf$6) refers to printf6.o(i._printf_core) for _printf_core
    printf6.o(i.__0vfprintf$6) refers to output.o(.text) for fputc
    printf6.o(i.__0vprintf$6) refers to printf6.o(i._printf_core) for _printf_core
    printf6.o(i.__0vprintf$6) refers to output.o(.text) for fputc
    printf6.o(i.__0vprintf$6) refers to stdout.o(.data) for __stdout
    printf6.o(i.__0vsnprintf$6) refers to printf6.o(i._printf_core) for _printf_core
    printf6.o(i.__0vsnprintf$6) refers to printf6.o(i._snputc) for _snputc
    printf6.o(i.__0vsprintf$6) refers to printf6.o(i._printf_core) for _printf_core
    printf6.o(i.__0vsprintf$6) refers to printf6.o(i._sputc) for _sputc
    printf6.o(i._printf_core) refers to printf6.o(i._printf_pre_padding) for _printf_pre_padding
    printf6.o(i._printf_core) refers to uidiv.o(.text) for __aeabi_uidivmod
    printf6.o(i._printf_core) refers to printf6.o(i._printf_post_padding) for _printf_post_padding
    printf7.o(i.__0fprintf$7) refers to printf7.o(i._printf_core) for _printf_core
    printf7.o(i.__0fprintf$7) refers to output.o(.text) for fputc
    printf7.o(i.__0printf$7) refers to printf7.o(i._printf_core) for _printf_core
    printf7.o(i.__0printf$7) refers to output.o(.text) for fputc
    printf7.o(i.__0printf$7) refers to stdout.o(.data) for __stdout
    printf7.o(i.__0snprintf$7) refers to printf7.o(i._printf_core) for _printf_core
    printf7.o(i.__0snprintf$7) refers to printf7.o(i._snputc) for _snputc
    printf7.o(i.__0sprintf$7) refers to printf7.o(i._printf_core) for _printf_core
    printf7.o(i.__0sprintf$7) refers to printf7.o(i._sputc) for _sputc
    printf7.o(i.__0vfprintf$7) refers to printf7.o(i._printf_core) for _printf_core
    printf7.o(i.__0vfprintf$7) refers to output.o(.text) for fputc
    printf7.o(i.__0vprintf$7) refers to printf7.o(i._printf_core) for _printf_core
    printf7.o(i.__0vprintf$7) refers to output.o(.text) for fputc
    printf7.o(i.__0vprintf$7) refers to stdout.o(.data) for __stdout
    printf7.o(i.__0vsnprintf$7) refers to printf7.o(i._printf_core) for _printf_core
    printf7.o(i.__0vsnprintf$7) refers to printf7.o(i._snputc) for _snputc
    printf7.o(i.__0vsprintf$7) refers to printf7.o(i._printf_core) for _printf_core
    printf7.o(i.__0vsprintf$7) refers to printf7.o(i._sputc) for _sputc
    printf7.o(i._printf_core) refers to printf7.o(i._printf_pre_padding) for _printf_pre_padding
    printf7.o(i._printf_core) refers to uldiv.o(.text) for __aeabi_uldivmod
    printf7.o(i._printf_core) refers to printf7.o(i._printf_post_padding) for _printf_post_padding
    printf8.o(i.__0fprintf$8) refers to printf8.o(i._printf_core) for _printf_core
    printf8.o(i.__0fprintf$8) refers to output.o(.text) for fputc
    printf8.o(i.__0printf$8) refers to printf8.o(i._printf_core) for _printf_core
    printf8.o(i.__0printf$8) refers to output.o(.text) for fputc
    printf8.o(i.__0printf$8) refers to stdout.o(.data) for __stdout
    printf8.o(i.__0snprintf$8) refers to printf8.o(i._printf_core) for _printf_core
    printf8.o(i.__0snprintf$8) refers to printf8.o(i._snputc) for _snputc
    printf8.o(i.__0sprintf$8) refers to printf8.o(i._printf_core) for _printf_core
    printf8.o(i.__0sprintf$8) refers to printf8.o(i._sputc) for _sputc
    printf8.o(i.__0vfprintf$8) refers to printf8.o(i._printf_core) for _printf_core
    printf8.o(i.__0vfprintf$8) refers to output.o(.text) for fputc
    printf8.o(i.__0vprintf$8) refers to printf8.o(i._printf_core) for _printf_core
    printf8.o(i.__0vprintf$8) refers to output.o(.text) for fputc
    printf8.o(i.__0vprintf$8) refers to stdout.o(.data) for __stdout
    printf8.o(i.__0vsnprintf$8) refers to printf8.o(i._printf_core) for _printf_core
    printf8.o(i.__0vsnprintf$8) refers to printf8.o(i._snputc) for _snputc
    printf8.o(i.__0vsprintf$8) refers to printf8.o(i._printf_core) for _printf_core
    printf8.o(i.__0vsprintf$8) refers to printf8.o(i._sputc) for _sputc
    printf8.o(i._printf_core) refers to printf8.o(i._printf_pre_padding) for _printf_pre_padding
    printf8.o(i._printf_core) refers to uldiv.o(.text) for __aeabi_uldivmod
    printf8.o(i._printf_core) refers to printf8.o(i._printf_post_padding) for _printf_post_padding
    printfa.o(i.__0fprintf) refers (Special) to iusefp.o(.text) for __I$use$fp
    printfa.o(i.__0fprintf) refers to printfa.o(i._printf_core) for _printf_core
    printfa.o(i.__0fprintf) refers to output.o(.text) for fputc
    printfa.o(i.__0printf) refers (Special) to iusefp.o(.text) for __I$use$fp
    printfa.o(i.__0printf) refers to printfa.o(i._printf_core) for _printf_core
    printfa.o(i.__0printf) refers to output.o(.text) for fputc
    printfa.o(i.__0printf) refers to stdout.o(.data) for __stdout
    printfa.o(i.__0snprintf) refers (Special) to iusefp.o(.text) for __I$use$fp
    printfa.o(i.__0snprintf) refers to printfa.o(i._printf_core) for _printf_core
    printfa.o(i.__0snprintf) refers to printfa.o(i._snputc) for _snputc
    printfa.o(i.__0sprintf) refers (Special) to iusefp.o(.text) for __I$use$fp
    printfa.o(i.__0sprintf) refers to printfa.o(i._printf_core) for _printf_core
    printfa.o(i.__0sprintf) refers to printfa.o(i._sputc) for _sputc
    printfa.o(i.__0vfprintf) refers (Special) to iusefp.o(.text) for __I$use$fp
    printfa.o(i.__0vfprintf) refers to printfa.o(i._printf_core) for _printf_core
    printfa.o(i.__0vfprintf) refers to output.o(.text) for fputc
    printfa.o(i.__0vprintf) refers (Special) to iusefp.o(.text) for __I$use$fp
    printfa.o(i.__0vprintf) refers to printfa.o(i._printf_core) for _printf_core
    printfa.o(i.__0vprintf) refers to output.o(.text) for fputc
    printfa.o(i.__0vprintf) refers to stdout.o(.data) for __stdout
    printfa.o(i.__0vsnprintf) refers (Special) to iusefp.o(.text) for __I$use$fp
    printfa.o(i.__0vsnprintf) refers to printfa.o(i._printf_core) for _printf_core
    printfa.o(i.__0vsnprintf) refers to printfa.o(i._snputc) for _snputc
    printfa.o(i.__0vsprintf) refers (Special) to iusefp.o(.text) for __I$use$fp
    printfa.o(i.__0vsprintf) refers to printfa.o(i._printf_core) for _printf_core
    printfa.o(i.__0vsprintf) refers to printfa.o(i._sputc) for _sputc
    printfa.o(i._fp_digits) refers (Special) to iusefp.o(.text) for __I$use$fp
    printfa.o(i._fp_digits) refers to dmul.o(.text) for __aeabi_dmul
    printfa.o(i._fp_digits) refers to ddiv.o(.text) for __aeabi_ddiv
    printfa.o(i._fp_digits) refers to cdrcmple.o(.text) for __aeabi_cdrcmple
    printfa.o(i._fp_digits) refers to dadd.o(.text) for __aeabi_dadd
    printfa.o(i._fp_digits) refers to dfixul.o(.text) for __aeabi_d2ulz
    printfa.o(i._fp_digits) refers to uldiv.o(.text) for __aeabi_uldivmod
    printfa.o(i._printf_core) refers (Special) to iusefp.o(.text) for __I$use$fp
    printfa.o(i._printf_core) refers to printfa.o(i._printf_pre_padding) for _printf_pre_padding
    printfa.o(i._printf_core) refers to uldiv.o(.text) for __aeabi_uldivmod
    printfa.o(i._printf_core) refers to printfa.o(i._printf_post_padding) for _printf_post_padding
    printfa.o(i._printf_core) refers to printfa.o(i._fp_digits) for _fp_digits
    printfa.o(i._printf_core) refers to uidiv.o(.text) for __aeabi_uidivmod
    printfa.o(i._printf_post_padding) refers (Special) to iusefp.o(.text) for __I$use$fp
    printfa.o(i._printf_pre_padding) refers (Special) to iusefp.o(.text) for __I$use$fp
    printfa.o(i._snputc) refers (Special) to iusefp.o(.text) for __I$use$fp
    printfa.o(i._sputc) refers (Special) to iusefp.o(.text) for __I$use$fp
    malloc.o(i.free) refers to mvars.o(.data) for __microlib_freelist
    malloc.o(i.malloc) refers to mvars.o(.data) for __microlib_freelist_initialised
    malloc.o(i.malloc) refers to mvars.o(.data) for __microlib_freelist
    malloc.o(i.malloc) refers to startup.o(HEAP) for __heap_base
    mallocr.o(i.__free$realloc) refers to mvars.o(.data) for __microlib_freelist
    mallocr.o(i.__malloc$realloc) refers to mallocr.o(i.internal_alloc) for internal_alloc
    mallocr.o(i.__malloc$realloc) refers to mvars.o(.data) for __microlib_freelist_initialised
    mallocr.o(i.__malloc$realloc) refers to startup.o(HEAP) for __heap_base
    mallocr.o(i.__malloc$realloc) refers to mvars.o(.data) for __microlib_freelist
    mallocr.o(i.internal_alloc) refers to memcpya.o(.text) for __aeabi_memcpy
    mallocr.o(i.internal_alloc) refers to mvars.o(.data) for __microlib_freelist
    mallocr.o(i.realloc) refers to mallocr.o(i.__free$realloc) for __free$realloc
    mallocr.o(i.realloc) refers to mallocr.o(i.internal_alloc) for internal_alloc
    mallocr.o(i.realloc) refers to mallocr.o(i.__malloc$realloc) for __malloc$realloc
    mallocr.o(i.realloc) refers to mvars.o(.data) for __microlib_freelist
    malloca.o(i.__aligned_malloc) refers to mvars.o(.data) for __microlib_freelist_initialised
    malloca.o(i.__aligned_malloc) refers to mvars.o(.data) for __microlib_freelist
    malloca.o(i.__aligned_malloc) refers to startup.o(HEAP) for __heap_base
    malloca.o(i.__free$memalign) refers to mvars.o(.data) for __microlib_freelist
    malloca.o(i.__malloc$memalign) refers to malloca.o(i.__aligned_malloc) for __aligned_malloc
    mallocra.o(i.__aligned_malloc$realloc) refers to mallocra.o(i.internal_alloc) for internal_alloc
    mallocra.o(i.__aligned_malloc$realloc) refers to mvars.o(.data) for __microlib_freelist_initialised
    mallocra.o(i.__aligned_malloc$realloc) refers to startup.o(HEAP) for __heap_base
    mallocra.o(i.__aligned_malloc$realloc) refers to mvars.o(.data) for __microlib_freelist
    mallocra.o(i.__free$realloc$memalign) refers to mvars.o(.data) for __microlib_freelist
    mallocra.o(i.__malloc$realloc$memalign) refers to mallocra.o(i.__aligned_malloc$realloc) for __aligned_malloc$realloc
    mallocra.o(i.__realloc$memalign) refers to mallocra.o(i.__free$realloc$memalign) for __free$realloc$memalign
    mallocra.o(i.__realloc$memalign) refers to mallocra.o(i.internal_alloc) for internal_alloc
    mallocra.o(i.__realloc$memalign) refers to mallocra.o(i.__malloc$realloc$memalign) for __malloc$realloc$memalign
    mallocra.o(i.__realloc$memalign) refers to mvars.o(.data) for __microlib_freelist
    mallocra.o(i.internal_alloc) refers to memcpya.o(.text) for __aeabi_memcpy
    mallocra.o(i.internal_alloc) refers to mvars.o(.data) for __microlib_freelist
    entry2.o(.ARM.Collect$$$$00000001) refers to entry2.o(.ARM.Collect$$$$00002712) for __lit__00000000
    entry2.o(.ARM.Collect$$$$00002712) refers to startup.o(STACK) for __initial_sp
    entry2.o(__vectab_stack_and_reset_area) refers to startup.o(STACK) for __initial_sp
    entry2.o(__vectab_stack_and_reset_area) refers to entry.o(.ARM.Collect$$$$00000000) for __main
    entry5.o(.ARM.Collect$$$$00000004) refers to init.o(.text) for __scatterload
    entry8.o(.ARM.Collect$$$$00000009) refers to battleship_main.o(.text) for main
    uldiv.o(.text) refers to llushr.o(.text) for __aeabi_llsr
    uldiv.o(.text) refers to llshl.o(.text) for __aeabi_llsl
    dadd.o(.text) refers to llshl.o(.text) for __aeabi_llsl
    dadd.o(.text) refers to llsshr.o(.text) for __aeabi_lasr
    dadd.o(.text) refers to depilogue.o(.text) for _double_epilogue
    dmul.o(.text) refers to depilogue.o(.text) for _double_epilogue
    ddiv.o(.text) refers to depilogue.o(.text) for _double_round
    dfixul.o(.text) refers to llushr.o(.text) for __aeabi_llsr
    dfixul.o(.text) refers to llshl.o(.text) for __aeabi_llsl
    init.o(.text) refers to entry5.o(.ARM.Collect$$$$00000004) for __main_after_scatterload
    depilogue.o(.text) refers to llshl.o(.text) for __aeabi_llsl
    depilogue.o(.text) refers to llushr.o(.text) for __aeabi_llsr


==============================================================================

Removing Unused input sections from the image.

    Removing miss.o(.constdata), (5751 bytes).
    Removing hit.o(.constdata), (5751 bytes).
    Removing gpio.o(i.GPIODirModeGet), (34 bytes).
    Removing gpio.o(i.GPIOGetIntNumber), (156 bytes).
    Removing gpio.o(i.GPIOIntTypeGet), (48 bytes).
    Removing gpio.o(i.GPIOIntTypeSet), (58 bytes).
    Removing gpio.o(i.GPIOPadConfigGet), (140 bytes).
    Removing gpio.o(i.GPIOPinConfigure), (72 bytes).
    Removing gpio.o(i.GPIOPinIntClear), (6 bytes).
    Removing gpio.o(i.GPIOPinIntDisable), (14 bytes).
    Removing gpio.o(i.GPIOPinIntEnable), (12 bytes).
    Removing gpio.o(i.GPIOPinIntStatus), (14 bytes).
    Removing gpio.o(i.GPIOPinRead), (6 bytes).
    Removing gpio.o(i.GPIOPinTypeADC), (28 bytes).
    Removing gpio.o(i.GPIOPinTypeCAN), (28 bytes).
    Removing gpio.o(i.GPIOPinTypeComparator), (28 bytes).
    Removing gpio.o(i.GPIOPinTypeEPI), (28 bytes).
    Removing gpio.o(i.GPIOPinTypeEthernetLED), (28 bytes).
    Removing gpio.o(i.GPIOPinTypeGPIOInput), (28 bytes).
    Removing gpio.o(i.GPIOPinTypeGPIOOutputOD), (28 bytes).
    Removing gpio.o(i.GPIOPinTypeI2C), (28 bytes).
    Removing gpio.o(i.GPIOPinTypeI2S), (28 bytes).
    Removing gpio.o(i.GPIOPinTypePWM), (28 bytes).
    Removing gpio.o(i.GPIOPinTypeQEI), (28 bytes).
    Removing gpio.o(i.GPIOPinTypeTimer), (28 bytes).
    Removing gpio.o(i.GPIOPinTypeUART), (28 bytes).
    Removing gpio.o(i.GPIOPinTypeUSBAnalog), (28 bytes).
    Removing gpio.o(i.GPIOPinTypeUSBDigital), (28 bytes).
    Removing gpio.o(i.GPIOPortIntRegister), (26 bytes).
    Removing gpio.o(i.GPIOPortIntUnregister), (22 bytes).
    Removing gpio.o(.constdata), (72 bytes).
    Removing ssi.o(i.SSIDMADisable), (10 bytes).
    Removing ssi.o(i.SSIDMAEnable), (8 bytes).
    Removing ssi.o(i.SSIDataGet), (14 bytes).
    Removing ssi.o(i.SSIDataPutNonBlocking), (16 bytes).
    Removing ssi.o(i.SSIIntClear), (4 bytes).
    Removing ssi.o(i.SSIIntDisable), (10 bytes).
    Removing ssi.o(i.SSIIntEnable), (8 bytes).
    Removing ssi.o(i.SSIIntRegister), (32 bytes).
    Removing ssi.o(i.SSIIntStatus), (10 bytes).
    Removing ssi.o(i.SSIIntUnregister), (32 bytes).
    Removing sysctl.o(i.SysCtlADCSpeedGet), (16 bytes).
    Removing sysctl.o(i.SysCtlADCSpeedSet), (32 bytes).
    Removing sysctl.o(i.SysCtlBrownOutConfigSet), (16 bytes).
    Removing sysctl.o(i.SysCtlClkVerificationClear), (20 bytes).
    Removing sysctl.o(i.SysCtlDeepSleep), (32 bytes).
    Removing sysctl.o(i.SysCtlFlashSizeGet), (20 bytes).
    Removing sysctl.o(i.SysCtlGPIOAHBDisable), (20 bytes).
    Removing sysctl.o(i.SysCtlGPIOAHBEnable), (16 bytes).
    Removing sysctl.o(i.SysCtlI2SMClkSet), (216 bytes).
    Removing sysctl.o(i.SysCtlIOSCVerificationSet), (24 bytes).
    Removing sysctl.o(i.SysCtlIntClear), (12 bytes).
    Removing sysctl.o(i.SysCtlIntDisable), (16 bytes).
    Removing sysctl.o(i.SysCtlIntEnable), (16 bytes).
    Removing sysctl.o(i.SysCtlIntRegister), (20 bytes).
    Removing sysctl.o(i.SysCtlIntStatus), (16 bytes).
    Removing sysctl.o(i.SysCtlIntUnregister), (18 bytes).
    Removing sysctl.o(i.SysCtlLDOConfigSet), (12 bytes).
    Removing sysctl.o(i.SysCtlLDOGet), (12 bytes).
    Removing sysctl.o(i.SysCtlLDOSet), (12 bytes).
    Removing sysctl.o(i.SysCtlMOSCVerificationSet), (24 bytes).
    Removing sysctl.o(i.SysCtlPLLVerificationSet), (24 bytes).
    Removing sysctl.o(i.SysCtlPWMClockGet), (24 bytes).
    Removing sysctl.o(i.SysCtlPWMClockSet), (20 bytes).
    Removing sysctl.o(i.SysCtlPeripheralClockGating), (24 bytes).
    Removing sysctl.o(i.SysCtlPeripheralDeepSleepDisable), (32 bytes).
    Removing sysctl.o(i.SysCtlPeripheralDeepSleepEnable), (32 bytes).
    Removing sysctl.o(i.SysCtlPeripheralDisable), (32 bytes).
    Removing sysctl.o(i.SysCtlPeripheralPresent), (64 bytes).
    Removing sysctl.o(i.SysCtlPeripheralReset), (56 bytes).
    Removing sysctl.o(i.SysCtlPeripheralSleepDisable), (32 bytes).
    Removing sysctl.o(i.SysCtlPeripheralSleepEnable), (32 bytes).
    Removing sysctl.o(i.SysCtlPinPresent), (16 bytes).
    Removing sysctl.o(i.SysCtlReset), (16 bytes).
    Removing sysctl.o(i.SysCtlResetCauseClear), (16 bytes).
    Removing sysctl.o(i.SysCtlResetCauseGet), (12 bytes).
    Removing sysctl.o(i.SysCtlSRAMSizeGet), (20 bytes).
    Removing sysctl.o(i.SysCtlSleep), (4 bytes).
    Removing sysctl.o(i.SysCtlUSBPLLDisable), (16 bytes).
    Removing sysctl.o(i.SysCtlUSBPLLEnable), (16 bytes).
    Removing cpu.o(.emb_text), (26 bytes).
    Removing interrupt.o(i.IntDefaultHandler), (2 bytes).
    Removing interrupt.o(i.IntDisable), (104 bytes).
    Removing interrupt.o(i.IntEnable), (104 bytes).
    Removing interrupt.o(i.IntMasterDisable), (10 bytes).
    Removing interrupt.o(i.IntMasterEnable), (10 bytes).
    Removing interrupt.o(i.IntPendClear), (72 bytes).
    Removing interrupt.o(i.IntPendSet), (90 bytes).
    Removing interrupt.o(i.IntPriorityGet), (28 bytes).
    Removing interrupt.o(i.IntPriorityGroupingGet), (40 bytes).
    Removing interrupt.o(i.IntPriorityGroupingSet), (28 bytes).
    Removing interrupt.o(i.IntPrioritySet), (40 bytes).
    Removing interrupt.o(i.IntRegister), (56 bytes).
    Removing interrupt.o(i.IntUnregister), (20 bytes).
    Removing interrupt.o(.constdata), (104 bytes).
    Removing interrupt.o(vtable), (284 bytes).
    Removing dadd.o(.text), (332 bytes).
    Removing dmul.o(.text), (224 bytes).
    Removing ddiv.o(.text), (222 bytes).
    Removing dfixul.o(.text), (48 bytes).
    Removing cdrcmple.o(.text), (40 bytes).
    Removing depilogue.o(.text), (190 bytes).

102 unused section(s) (total 15878 bytes) removed from the image.

==============================================================================

Image Symbol Table

    Local Symbols

    Symbol Name                              Value     Ov Type        Size  Object(Section)

    RESET                                    0x00000000   Section      280  startup.o(RESET)
    ../../../cmprslib/zerorunl2.c            0x00000000   Number         0  __dczerorl2.o ABSOLUTE
    ../../microlib/division.c                0x00000000   Number         0  uldiv.o ABSOLUTE
    ../../microlib/division.c                0x00000000   Number         0  uidiv.o ABSOLUTE
    ../../microlib/fpadd.c                   0x00000000   Number         0  dadd.o ABSOLUTE
    ../../microlib/fpdiv.c                   0x00000000   Number         0  ddiv.o ABSOLUTE
    ../../microlib/fpepilogue.c              0x00000000   Number         0  depilogue.o ABSOLUTE
    ../../microlib/fpfix.c                   0x00000000   Number         0  dfixul.o ABSOLUTE
    ../../microlib/fpmul.c                   0x00000000   Number         0  dmul.o ABSOLUTE
    ../../microlib/init/entry.s              0x00000000   Number         0  entry2.o ABSOLUTE
    ../../microlib/init/entry.s              0x00000000   Number         0  entry.o ABSOLUTE
    ../../microlib/init/entry.s              0x00000000   Number         0  entry8.o ABSOLUTE
    ../../microlib/init/entry.s              0x00000000   Number         0  entry7b.o ABSOLUTE
    ../../microlib/init/entry.s              0x00000000   Number         0  entry7a.o ABSOLUTE
    ../../microlib/init/entry.s              0x00000000   Number         0  entry5.o ABSOLUTE
    ../../microlib/longlong.c                0x00000000   Number         0  llsshr.o ABSOLUTE
    ../../microlib/longlong.c                0x00000000   Number         0  llushr.o ABSOLUTE
    ../../microlib/longlong.c                0x00000000   Number         0  llshl.o ABSOLUTE
    ../../microlib/malloc/malloc.c           0x00000000   Number         0  malloc.o ABSOLUTE
    ../../microlib/malloc/malloc.c           0x00000000   Number         0  mallocra.o ABSOLUTE
    ../../microlib/malloc/malloc.c           0x00000000   Number         0  malloca.o ABSOLUTE
    ../../microlib/malloc/malloc.c           0x00000000   Number         0  mallocr.o ABSOLUTE
    ../../microlib/malloc/mvars.c            0x00000000   Number         0  mvars.o ABSOLUTE
    ../../microlib/printf/printf.c           0x00000000   Number         0  printf6.o ABSOLUTE
    ../../microlib/printf/printf.c           0x00000000   Number         0  printf5.o ABSOLUTE
    ../../microlib/printf/printf.c           0x00000000   Number         0  printf3.o ABSOLUTE
    ../../microlib/printf/printf.c           0x00000000   Number         0  printf4.o ABSOLUTE
    ../../microlib/printf/printf.c           0x00000000   Number         0  printf0.o ABSOLUTE
    ../../microlib/printf/printf.c           0x00000000   Number         0  printfa.o ABSOLUTE
    ../../microlib/printf/printf.c           0x00000000   Number         0  printf8.o ABSOLUTE
    ../../microlib/printf/printf.c           0x00000000   Number         0  printf7.o ABSOLUTE
    ../../microlib/printf/printf.c           0x00000000   Number         0  printf1.o ABSOLUTE
    ../../microlib/printf/printf.c           0x00000000   Number         0  printfb.o ABSOLUTE
    ../../microlib/printf/printf.c           0x00000000   Number         0  printf2.o ABSOLUTE
    ../../microlib/stdio/streams.c           0x00000000   Number         0  stdout.o ABSOLUTE
    ../../microlib/string/memcpy.c           0x00000000   Number         0  memcpyb.o ABSOLUTE
    ../../microlib/string/memcpy.c           0x00000000   Number         0  memcpya.o ABSOLUTE
    ../../microlib/stubs.s                   0x00000000   Number         0  iusefp.o ABSOLUTE
    ADC.c                                    0x00000000   Number         0  adc.o ABSOLUTE
    Art\BattleshipCover.c                    0x00000000   Number         0  battleshipcover.o ABSOLUTE
    Art\Battleships.c                        0x00000000   Number         0  battleships.o ABSOLUTE
    Art\GridTiles.c                          0x00000000   Number         0  gridtiles.o ABSOLUTE
    Art\Hit.c                                0x00000000   Number         0  hit.o ABSOLUTE
    Art\Lose.c                               0x00000000   Number         0  lose.o ABSOLUTE
    Art\Menu.c                               0x00000000   Number         0  menu.o ABSOLUTE
    Art\Miss.c                               0x00000000   Number         0  miss.o ABSOLUTE
    Art\Win.c                                0x00000000   Number         0  win.o ABSOLUTE
    Battleship_Main.c                        0x00000000   Number         0  battleship_main.o ABSOLUTE
    DAC.c                                    0x00000000   Number         0  dac.o ABSOLUTE
    Display.c                                0x00000000   Number         0  display.o ABSOLUTE
    GameSound.c                              0x00000000   Number         0  gamesound.o ABSOLUTE
    Grid.c                                   0x00000000   Number         0  grid.o ABSOLUTE
    Output.c                                 0x00000000   Number         0  output.o ABSOLUTE
    PLL.c                                    0x00000000   Number         0  pll.o ABSOLUTE
    PortGInts.c                              0x00000000   Number         0  portgints.o ABSOLUTE
    Startup.s                                0x00000000   Number         0  startup.o ABSOLUTE
    Utils.c                                  0x00000000   Number         0  utils.o ABSOLUTE
    Utils.c                                  0x00000000   Number         0  utils.o ABSOLUTE
    cdrcmple.s                               0x00000000   Number         0  cdrcmple.o ABSOLUTE
    cpu.c                                    0x00000000   Number         0  cpu.o ABSOLUTE
    cpu.c                                    0x00000000   Number         0  cpu.o ABSOLUTE
    dc.s                                     0x00000000   Number         0  dc.o ABSOLUTE
    gpio.c                                   0x00000000   Number         0  gpio.o ABSOLUTE
    handlers.s                               0x00000000   Number         0  handlers.o ABSOLUTE
    init.s                                   0x00000000   Number         0  init.o ABSOLUTE
    interrupt.c                              0x00000000   Number         0  interrupt.o ABSOLUTE
    logo.c                                   0x00000000   Number         0  logo.o ABSOLUTE
    rit128x96x4.c                            0x00000000   Number         0  rit128x96x4.o ABSOLUTE
    ssi.c                                    0x00000000   Number         0  ssi.o ABSOLUTE
    sysctl.c                                 0x00000000   Number         0  sysctl.o ABSOLUTE
    sysctl.c                                 0x00000000   Number         0  sysctl.o ABSOLUTE
    .ARM.Collect$$$$00000000                 0x00000118   Section        0  entry.o(.ARM.Collect$$$$00000000)
    .ARM.Collect$$$$00000001                 0x00000118   Section        4  entry2.o(.ARM.Collect$$$$00000001)
    .ARM.Collect$$$$00000004                 0x0000011c   Section        4  entry5.o(.ARM.Collect$$$$00000004)
    .ARM.Collect$$$$00000008                 0x00000120   Section        0  entry7b.o(.ARM.Collect$$$$00000008)
    .ARM.Collect$$$$00000009                 0x00000120   Section        8  entry8.o(.ARM.Collect$$$$00000009)
    .ARM.Collect$$$$00002712                 0x00000128   Section        4  entry2.o(.ARM.Collect$$$$00002712)
    __lit__00000000                          0x00000128   Data           4  entry2.o(.ARM.Collect$$$$00002712)
    .emb_text                                0x0000012c   Section        6  utils.o(.emb_text)
    .emb_text                                0x00000134   Section        6  sysctl.o(.emb_text)
    .text                                    0x0000013c   Section       28  startup.o(.text)
    .text                                    0x00000158   Section        0  pll.o(.text)
    .text                                    0x000001d8   Section        0  output.o(.text)
    .text                                    0x000005b4   Section        0  rit128x96x4.o(.text)
    RITWriteCommand                          0x000005b5   Thumb Code   124  rit128x96x4.o(.text)
    RITWriteData                             0x00000631   Thumb Code   124  rit128x96x4.o(.text)
    .text                                    0x000009d4   Section        0  logo.o(.text)
    .text                                    0x00000a14   Section        0  battleship_main.o(.text)
    .text                                    0x00000b60   Section        0  dac.o(.text)
    .text                                    0x00000c48   Section        0  display.o(.text)
    .text                                    0x00001090   Section        0  grid.o(.text)
    .text                                    0x00001828   Section        0  portgints.o(.text)
    .text                                    0x00001a20   Section        0  utils.o(.text)
    .text                                    0x00001a48   Section        0  adc.o(.text)
    .text                                    0x00001b44   Section        0  gamesound.o(.text)
    .text                                    0x00001f04   Section        0  memcpya.o(.text)
    .text                                    0x00001f28   Section       36  init.o(.text)
    .text                                    0x00001f4c   Section        0  __dczerorl2.o(.text)
    i.GPIODirModeSet                         0x00001fa8   Section        0  gpio.o(i.GPIODirModeSet)
    i.GPIOPadConfigSet                       0x00001fd0   Section        0  gpio.o(i.GPIOPadConfigSet)
    i.GPIOPinTypeGPIOOutput                  0x00002080   Section        0  gpio.o(i.GPIOPinTypeGPIOOutput)
    i.GPIOPinTypeSSI                         0x0000209c   Section        0  gpio.o(i.GPIOPinTypeSSI)
    i.GPIOPinWrite                           0x000020b8   Section        0  gpio.o(i.GPIOPinWrite)
    i.SSIBusy                                0x000020be   Section        0  ssi.o(i.SSIBusy)
    i.SSIConfigSetExpClk                     0x000020c6   Section        0  ssi.o(i.SSIConfigSetExpClk)
    i.SSIDataGetNonBlocking                  0x00002112   Section        0  ssi.o(i.SSIDataGetNonBlocking)
    i.SSIDataPut                             0x00002124   Section        0  ssi.o(i.SSIDataPut)
    i.SSIDisable                             0x00002130   Section        0  ssi.o(i.SSIDisable)
    i.SSIEnable                              0x0000213a   Section        0  ssi.o(i.SSIEnable)
    i.SysCtlClockGet                         0x00002144   Section        0  sysctl.o(i.SysCtlClockGet)
    i.SysCtlClockSet                         0x00002328   Section        0  sysctl.o(i.SysCtlClockSet)
    i.SysCtlPeripheralEnable                 0x00002460   Section        0  sysctl.o(i.SysCtlPeripheralEnable)
    i.__0printf$bare                         0x00002480   Section        0  printfb.o(i.__0printf$bare)
    i.__scatterload_copy                     0x00002490   Section       14  handlers.o(i.__scatterload_copy)
    i.__scatterload_null                     0x0000249e   Section        2  handlers.o(i.__scatterload_null)
    i.__scatterload_zeroinit                 0x000024a0   Section       14  handlers.o(i.__scatterload_zeroinit)
    i._printf_core                           0x000024ae   Section        0  printfb.o(i._printf_core)
    _printf_core                             0x000024af   Thumb Code    34  printfb.o(i._printf_core)
    i.free                                   0x000024d0   Section        0  malloc.o(i.free)
    i.malloc                                 0x00002520   Section        0  malloc.o(i.malloc)
    .constdata                               0x0000258c   Section      571  rit128x96x4.o(.constdata)
    g_pucRIT128x96x4VerticalInc              0x0000258c   Data           2  rit128x96x4.o(.constdata)
    g_pucRIT128x96x4HorizontalInc            0x0000258e   Data           2  rit128x96x4.o(.constdata)
    g_pucFont                                0x00002590   Data         480  rit128x96x4.o(.constdata)
    g_pucRIT128x96x4Init                     0x00002770   Data          79  rit128x96x4.o(.constdata)
    pucCommand1                              0x000027bf   Data           3  rit128x96x4.o(.constdata)
    pucCommand2                              0x000027c2   Data           3  rit128x96x4.o(.constdata)
    pucCommand1                              0x000027c5   Data           2  rit128x96x4.o(.constdata)
    .constdata                               0x000027c8   Section      180  gamesound.o(.constdata)
    .constdata                               0x0000287c   Section     5751  battleshipcover.o(.constdata)
    .constdata                               0x00003ef3   Section     1290  battleships.o(.constdata)
    .constdata                               0x000043fd   Section     1139  gridtiles.o(.constdata)
    .constdata                               0x00004870   Section     1280  menu.o(.constdata)
    .constdata                               0x00004d70   Section     5751  lose.o(.constdata)
    .constdata                               0x000063e7   Section     5751  win.o(.constdata)
    .constdata                               0x00007a60   Section      156  sysctl.o(.constdata)
    g_pulDCRegs                              0x00007a60   Data          16  sysctl.o(.constdata)
    g_pulSRCRRegs                            0x00007a70   Data          12  sysctl.o(.constdata)
    g_pulRCGCRegs                            0x00007a7c   Data          12  sysctl.o(.constdata)
    g_pulSCGCRegs                            0x00007a88   Data          12  sysctl.o(.constdata)
    g_pulDCGCRegs                            0x00007a94   Data          12  sysctl.o(.constdata)
    g_pulXtals                               0x00007aa0   Data          92  sysctl.o(.constdata)
    .data                                    0x20000000   Section        6  output.o(.data)
    CursorX                                  0x20000000   Data           2  output.o(.data)
    CursorY                                  0x20000002   Data           2  output.o(.data)
    Color                                    0x20000004   Data           1  output.o(.data)
    Status                                   0x20000005   Data           1  output.o(.data)
    .data                                    0x20000008   Section       12  rit128x96x4.o(.data)
    g_ulSSIFlags                             0x20000008   Data           4  rit128x96x4.o(.data)
    g_pucBuffer                              0x2000000c   Data           8  rit128x96x4.o(.data)
    .data                                    0x20000014   Section        2  display.o(.data)
    .data                                    0x20000018   Section       28  grid.o(.data)
    .data                                    0x20000034   Section        4  portgints.o(.data)
    .data                                    0x20000038   Section        4  utils.o(.data)
    .data                                    0x2000003c   Section      466  gamesound.o(.data)
    MUS1                                     0x20000048   Data          86  gamesound.o(.data)
    MUSC                                     0x200000a0   Data         344  gamesound.o(.data)
    i                                        0x20000200   Data           4  gamesound.o(.data)
    .data                                    0x20000210   Section        4  stdout.o(.data)
    .data                                    0x20000214   Section        4  mvars.o(.data)
    .data                                    0x20000218   Section        4  mvars.o(.data)
    .bss                                     0x2000021c   Section      504  output.o(.bss)
    CharBuffer                               0x2000021c   Data         252  output.o(.bss)
    ColorBuffer                              0x20000318   Data         252  output.o(.bss)
    HEAP                                     0x20000418   Section        0  startup.o(HEAP)
    STACK                                    0x20000418   Section     1024  startup.o(STACK)
    StackMem                                 0x20000418   Data           0  startup.o(STACK)

    Global Symbols

    Symbol Name                              Value     Ov Type        Size  Object(Section)

    BuildAttributes$$THM_ISAv4$P$D$K$B$S$PE$A:L22UL41UL21$X:L11$S22US41US21$IEEE1$IW$USESV6$~STKCKD$USESV7$~SHL$OTIME$ROPI$EBA8$MICROLIB$REQ8$PRES8$EABIv2 0x00000000   Number         0  anon$$obj.o ABSOLUTE
    __ARM_use_no_argv                        0x00000000   Number         0  battleship_main.o ABSOLUTE
    __Vectors                                0x00000000   Data           0  startup.o(RESET)
    _clock_init                               - Undefined Weak Reference
    Reset_Handler                            0x00000101   Thumb Code     0  startup.o(RESET)
    NMI_Handler                              0x00000105   Thumb Code     2  startup.o(RESET)
    HardFault_Handler                        0x00000107   Thumb Code     2  startup.o(RESET)
    MemManage_Handler                        0x00000109   Thumb Code     2  startup.o(RESET)
    BusFault_Handler                         0x0000010b   Thumb Code     2  startup.o(RESET)
    UsageFault_Handler                       0x0000010d   Thumb Code     2  startup.o(RESET)
    SVC_Handler                              0x0000010f   Thumb Code     2  startup.o(RESET)
    DebugMon_Handler                         0x00000111   Thumb Code     2  startup.o(RESET)
    PendSV_Handler                           0x00000113   Thumb Code     2  startup.o(RESET)
    ADC0_Handler                             0x00000117   Thumb Code     0  startup.o(RESET)
    ADC1_Handler                             0x00000117   Thumb Code     0  startup.o(RESET)
    ADC2_Handler                             0x00000117   Thumb Code     0  startup.o(RESET)
    ADC3_Handler                             0x00000117   Thumb Code     0  startup.o(RESET)
    CAN0_Handler                             0x00000117   Thumb Code     0  startup.o(RESET)
    CAN1_Handler                             0x00000117   Thumb Code     0  startup.o(RESET)
    CAN2_Handler                             0x00000117   Thumb Code     0  startup.o(RESET)
    Comp0_Handler                            0x00000117   Thumb Code     0  startup.o(RESET)
    Comp1_Handler                            0x00000117   Thumb Code     0  startup.o(RESET)
    Comp2_Handler                            0x00000117   Thumb Code     0  startup.o(RESET)
    Ethernet_Handler                         0x00000117   Thumb Code     0  startup.o(RESET)
    FlashCtl_Handler                         0x00000117   Thumb Code     0  startup.o(RESET)
    GPIOPortA_Handler                        0x00000117   Thumb Code     0  startup.o(RESET)
    GPIOPortB_Handler                        0x00000117   Thumb Code     0  startup.o(RESET)
    GPIOPortC_Handler                        0x00000117   Thumb Code     0  startup.o(RESET)
    GPIOPortD_Handler                        0x00000117   Thumb Code     0  startup.o(RESET)
    GPIOPortE_Handler                        0x00000117   Thumb Code     0  startup.o(RESET)
    GPIOPortF_Handler                        0x00000117   Thumb Code     0  startup.o(RESET)
    GPIOPortH_Handler                        0x00000117   Thumb Code     0  startup.o(RESET)
    Hibernate_Handler                        0x00000117   Thumb Code     0  startup.o(RESET)
    I2C0_Handler                             0x00000117   Thumb Code     0  startup.o(RESET)
    I2C1_Handler                             0x00000117   Thumb Code     0  startup.o(RESET)
    PWM0_Handler                             0x00000117   Thumb Code     0  startup.o(RESET)
    PWM1_Handler                             0x00000117   Thumb Code     0  startup.o(RESET)
    PWM2_Handler                             0x00000117   Thumb Code     0  startup.o(RESET)
    PWM3_Handler                             0x00000117   Thumb Code     0  startup.o(RESET)
    PWMFault_Handler                         0x00000117   Thumb Code     0  startup.o(RESET)
    Quadrature0_Handler                      0x00000117   Thumb Code     0  startup.o(RESET)
    Quadrature1_Handler                      0x00000117   Thumb Code     0  startup.o(RESET)
    SSI0_Handler                             0x00000117   Thumb Code     0  startup.o(RESET)
    SSI1_Handler                             0x00000117   Thumb Code     0  startup.o(RESET)
    SysCtl_Handler                           0x00000117   Thumb Code     0  startup.o(RESET)
    Timer0A_Handler                          0x00000117   Thumb Code     0  startup.o(RESET)
    Timer0B_Handler                          0x00000117   Thumb Code     0  startup.o(RESET)
    Timer1A_Handler                          0x00000117   Thumb Code     0  startup.o(RESET)
    Timer1B_Handler                          0x00000117   Thumb Code     0  startup.o(RESET)
    Timer2A_Handler                          0x00000117   Thumb Code     0  startup.o(RESET)
    Timer2B_Handler                          0x00000117   Thumb Code     0  startup.o(RESET)
    Timer3A_Handler                          0x00000117   Thumb Code     0  startup.o(RESET)
    Timer3B_Handler                          0x00000117   Thumb Code     0  startup.o(RESET)
    UART0_Handler                            0x00000117   Thumb Code     0  startup.o(RESET)
    UART1_Handler                            0x00000117   Thumb Code     0  startup.o(RESET)
    UART2_Handler                            0x00000117   Thumb Code     0  startup.o(RESET)
    USB0_Handler                             0x00000117   Thumb Code     0  startup.o(RESET)
    WDT_Handler                              0x00000117   Thumb Code     0  startup.o(RESET)
    uDMA_Error                               0x00000117   Thumb Code     0  startup.o(RESET)
    uDMA_Handler                             0x00000117   Thumb Code     0  startup.o(RESET)
    __main                                   0x00000119   Thumb Code     0  entry.o(.ARM.Collect$$$$00000000)
    _main_stk                                0x00000119   Thumb Code     0  entry2.o(.ARM.Collect$$$$00000001)
    _main_scatterload                        0x0000011d   Thumb Code     0  entry5.o(.ARM.Collect$$$$00000004)
    __main_after_scatterload                 0x00000121   Thumb Code     0  entry5.o(.ARM.Collect$$$$00000004)
    _main_clock                              0x00000121   Thumb Code     0  entry7b.o(.ARM.Collect$$$$00000008)
    _main_init                               0x00000121   Thumb Code     0  entry8.o(.ARM.Collect$$$$00000009)
    Delay1                                   0x0000012d   Thumb Code     6  utils.o(.emb_text)
    SysCtlDelay                              0x00000135   Thumb Code     6  sysctl.o(.emb_text)
    DisableInterrupts                        0x0000013d   Thumb Code     0  startup.o(.text)
    EnableInterrupts                         0x00000141   Thumb Code     0  startup.o(.text)
    StartCritical                            0x00000145   Thumb Code     0  startup.o(.text)
    EndCritical                              0x0000014d   Thumb Code     0  startup.o(.text)
    WaitForInterrupt                         0x00000153   Thumb Code     0  startup.o(.text)
    PLL_Init                                 0x00000159   Thumb Code   124  pll.o(.text)
    shiftEverythingUp                        0x000001d9   Thumb Code   186  output.o(.text)
    fputc                                    0x00000293   Thumb Code   562  output.o(.text)
    fgetc                                    0x000004c5   Thumb Code     6  output.o(.text)
    ferror                                   0x000004cb   Thumb Code     8  output.o(.text)
    Output_Init                              0x000004d3   Thumb Code    82  output.o(.text)
    Output_Clear                             0x00000525   Thumb Code    68  output.o(.text)
    Output_Off                               0x00000569   Thumb Code    14  output.o(.text)
    Output_On                                0x00000577   Thumb Code    14  output.o(.text)
    Output_Color                             0x00000585   Thumb Code    18  output.o(.text)
    RIT128x96x4Clear                         0x000006ad   Thumb Code    64  rit128x96x4.o(.text)
    RIT128x96x4StringDraw                    0x000006ed   Thumb Code   218  rit128x96x4.o(.text)
    RIT128x96x4ImageDraw                     0x000007c7   Thumb Code   106  rit128x96x4.o(.text)
    RIT128x96x4Enable                        0x00000831   Thumb Code    90  rit128x96x4.o(.text)
    RIT128x96x4Disable                       0x0000088b   Thumb Code    84  rit128x96x4.o(.text)
    RIT128x96x4Init                          0x000008df   Thumb Code   146  rit128x96x4.o(.text)
    RIT128x96x4DisplayOn                     0x00000971   Thumb Code    84  rit128x96x4.o(.text)
    RIT128x96x4DisplayOff                    0x000009c5   Thumb Code    12  rit128x96x4.o(.text)
    RIT128x96x4_BMP                          0x000009d5   Thumb Code    62  logo.o(.text)
    main                                     0x00000a15   Thumb Code   286  battleship_main.o(.text)
    DAC_Init                                 0x00000b61   Thumb Code   112  dac.o(.text)
    DAC_Out                                  0x00000bd1   Thumb Code     6  dac.o(.text)
    DAC_Init6                                0x00000bd7   Thumb Code    56  dac.o(.text)
    DAC_Out6                                 0x00000c0f   Thumb Code     6  dac.o(.text)
    Display_Init                             0x00000c49   Thumb Code    20  display.o(.text)
    Display_Clear                            0x00000c5d   Thumb Code     8  display.o(.text)
    Display_Cover                            0x00000c65   Thumb Code    14  display.o(.text)
    Display_Menu                             0x00000c73   Thumb Code    78  display.o(.text)
    Display_Winner                           0x00000cc1   Thumb Code    44  display.o(.text)
    Display_Hit                              0x00000ced   Thumb Code    22  display.o(.text)
    Display_Miss                             0x00000d03   Thumb Code    22  display.o(.text)
    chooseTile                               0x00000d19   Thumb Code    76  display.o(.text)
    convertToPxY                             0x00000d65   Thumb Code     8  display.o(.text)
    convertToPxX                             0x00000d6d   Thumb Code     4  display.o(.text)
    Display_Grid                             0x00000d71   Thumb Code   282  display.o(.text)
    Display_MoveCursor                       0x00000e8b   Thumb Code   282  display.o(.text)
    Grid_PlaceTile                           0x00001091   Thumb Code    72  grid.o(.text)
    Grid_IsOccupied                          0x000010d9   Thumb Code    46  grid.o(.text)
    randomizeShips2                          0x00001107   Thumb Code   594  grid.o(.text)
    randomizeShips1                          0x00001359   Thumb Code   612  grid.o(.text)
    createGrid                               0x000015bd   Thumb Code    52  grid.o(.text)
    Grid_Init                                0x000015f1   Thumb Code    66  grid.o(.text)
    Grid_Free                                0x00001633   Thumb Code    28  grid.o(.text)
    Grid_SetHasAttacked                      0x0000164f   Thumb Code     6  grid.o(.text)
    Grid_HasAttacked                         0x00001655   Thumb Code     6  grid.o(.text)
    Grid_AIAttack                            0x0000165b   Thumb Code   134  grid.o(.text)
    Grid_Attack                              0x000016e1   Thumb Code    96  grid.o(.text)
    Grid_CheckEndGame                        0x00001741   Thumb Code    58  grid.o(.text)
    Grid_GetGrid                             0x0000177b   Thumb Code    50  grid.o(.text)
    Grid_MoveCursor                          0x000017ad   Thumb Code    94  grid.o(.text)
    freeGrid                                 0x0000180b   Thumb Code    12  grid.o(.text)
    PortGInts_Init                           0x00001829   Thumb Code   262  portgints.o(.text)
    PortGInts_DisableInterrupts              0x0000192f   Thumb Code    18  portgints.o(.text)
    PortGInts_EnableInterrupts               0x00001941   Thumb Code    18  portgints.o(.text)
    GPIOPortG_Handler                        0x00001953   Thumb Code   136  portgints.o(.text)
    Seed                                     0x00001a21   Thumb Code     6  utils.o(.text)
    Random                                   0x00001a27   Thumb Code    22  utils.o(.text)
    ADC_Init                                 0x00001a49   Thumb Code   122  adc.o(.text)
    ADC_In                                   0x00001ac3   Thumb Code    36  adc.o(.text)
    ADC_PortGInit                            0x00001ae7   Thumb Code    56  adc.o(.text)
    SysTick_Init                             0x00001b45   Thumb Code    46  gamesound.o(.text)
    SysTick_Stop                             0x00001b73   Thumb Code    10  gamesound.o(.text)
    Sound_Init                               0x00001b7d   Thumb Code    22  gamesound.o(.text)
    get_freq                                 0x00001b93   Thumb Code   218  gamesound.o(.text)
    Sound_Stop                               0x00001c6d   Thumb Code    10  gamesound.o(.text)
    PlayNote                                 0x00001c77   Thumb Code    44  gamesound.o(.text)
    SysTick_Handler                          0x00001ca3   Thumb Code   542  gamesound.o(.text)
    __aeabi_memcpy                           0x00001f05   Thumb Code    36  memcpya.o(.text)
    __aeabi_memcpy4                          0x00001f05   Thumb Code     0  memcpya.o(.text)
    __aeabi_memcpy8                          0x00001f05   Thumb Code     0  memcpya.o(.text)
    __scatterload                            0x00001f29   Thumb Code    28  init.o(.text)
    __scatterload_rt2                        0x00001f29   Thumb Code     0  init.o(.text)
    __decompress                             0x00001f4d   Thumb Code     0  __dczerorl2.o(.text)
    __decompress1                            0x00001f4d   Thumb Code    92  __dczerorl2.o(.text)
    GPIODirModeSet                           0x00001fa9   Thumb Code    40  gpio.o(i.GPIODirModeSet)
    GPIOPadConfigSet                         0x00001fd1   Thumb Code   176  gpio.o(i.GPIOPadConfigSet)
    GPIOPinTypeGPIOOutput                    0x00002081   Thumb Code    28  gpio.o(i.GPIOPinTypeGPIOOutput)
    GPIOPinTypeSSI                           0x0000209d   Thumb Code    28  gpio.o(i.GPIOPinTypeSSI)
    GPIOPinWrite                             0x000020b9   Thumb Code     6  gpio.o(i.GPIOPinWrite)
    SSIBusy                                  0x000020bf   Thumb Code     8  ssi.o(i.SSIBusy)
    SSIConfigSetExpClk                       0x000020c7   Thumb Code    76  ssi.o(i.SSIConfigSetExpClk)
    SSIDataGetNonBlocking                    0x00002113   Thumb Code    18  ssi.o(i.SSIDataGetNonBlocking)
    SSIDataPut                               0x00002125   Thumb Code    12  ssi.o(i.SSIDataPut)
    SSIDisable                               0x00002131   Thumb Code    10  ssi.o(i.SSIDisable)
    SSIEnable                                0x0000213b   Thumb Code    10  ssi.o(i.SSIEnable)
    SysCtlClockGet                           0x00002145   Thumb Code   438  sysctl.o(i.SysCtlClockGet)
    SysCtlClockSet                           0x00002329   Thumb Code   288  sysctl.o(i.SysCtlClockSet)
    SysCtlPeripheralEnable                   0x00002461   Thumb Code    26  sysctl.o(i.SysCtlPeripheralEnable)
    __0printf$bare                           0x00002481   Thumb Code     8  printfb.o(i.__0printf$bare)
    __1printf$bare                           0x00002481   Thumb Code     0  printfb.o(i.__0printf$bare)
    __2printf                                0x00002481   Thumb Code     0  printfb.o(i.__0printf$bare)
    __scatterload_copy                       0x00002491   Thumb Code    14  handlers.o(i.__scatterload_copy)
    __scatterload_null                       0x0000249f   Thumb Code     2  handlers.o(i.__scatterload_null)
    __scatterload_zeroinit                   0x000024a1   Thumb Code    14  handlers.o(i.__scatterload_zeroinit)
    free                                     0x000024d1   Thumb Code    76  malloc.o(i.free)
    malloc                                   0x00002521   Thumb Code    92  malloc.o(i.malloc)
    freq_arr                                 0x000027c8   Data          76  gamesound.o(.constdata)
    wave                                     0x00002814   Data         100  gamesound.o(.constdata)
    arraylength                              0x00002878   Data           4  gamesound.o(.constdata)
    battleshipCover                          0x0000287c   Data        5751  battleshipcover.o(.constdata)
    HSmallShipFront                          0x00003ef3   Data         215  battleships.o(.constdata)
    HSmallShipBack                           0x00003fca   Data         215  battleships.o(.constdata)
    HMedShipMiddle                           0x000040a1   Data         215  battleships.o(.constdata)
    VMedShipMiddle                           0x00004178   Data         215  battleships.o(.constdata)
    VSmallShipBack                           0x0000424f   Data         215  battleships.o(.constdata)
    VSmallShipFront                          0x00004326   Data         215  battleships.o(.constdata)
    GridTileNoCursor                         0x000043fd   Data         247  gridtiles.o(.constdata)
    GridTileCursor                           0x000044f4   Data         247  gridtiles.o(.constdata)
    HitTile                                  0x000045eb   Data         215  gridtiles.o(.constdata)
    MissTile                                 0x000046c2   Data         215  gridtiles.o(.constdata)
    EmptyTile                                0x00004799   Data         215  gridtiles.o(.constdata)
    menuOption1                              0x00004870   Data         299  menu.o(.constdata)
    menuBorder                               0x0000499b   Data         383  menu.o(.constdata)
    menuOption3                              0x00004b1a   Data         299  menu.o(.constdata)
    menuOption2                              0x00004c45   Data         299  menu.o(.constdata)
    YouLost                                  0x00004d70   Data        5751  lose.o(.constdata)
    YouWin                                   0x000063e7   Data        5751  win.o(.constdata)
    Region$$Table$$Base                      0x00007afc   Number         0  anon$$obj.o(Region$$Table)
    Region$$Table$$Limit                     0x00007b1c   Number         0  anon$$obj.o(Region$$Table)
    New                                      0x20000014   Data           1  display.o(.data)
    Turn                                     0x20000015   Data           1  display.o(.data)
    has_attacked                             0x20000018   Data           4  grid.o(.data)
    error_count                              0x2000001c   Data           4  grid.o(.data)
    enemyGrid                                0x20000020   Data           4  grid.o(.data)
    enemyGridHidden                          0x20000024   Data           4  grid.o(.data)
    friendlyGrid                             0x20000028   Data           4  grid.o(.data)
    attack_point                             0x2000002c   Data           8  grid.o(.data)
    Counts1                                  0x20000034   Data           4  portgints.o(.data)
    M                                        0x20000038   Data           4  utils.o(.data)
    countSFX                                 0x2000003c   Data           4  gamesound.o(.data)
    countMusic                               0x20000040   Data           4  gamesound.o(.data)
    Counts                                   0x20000044   Data           4  gamesound.o(.data)
    counter                                  0x200001f8   Data           4  gamesound.o(.data)
    Mcounter                                 0x200001fc   Data           4  gamesound.o(.data)
    SFX                                      0x20000204   Data           1  gamesound.o(.data)
    Music                                    0x20000205   Data           1  gamesound.o(.data)
    size                                     0x20000208   Data           4  gamesound.o(.data)
    note                                     0x2000020c   Data           1  gamesound.o(.data)
    savenote                                 0x2000020d   Data           1  gamesound.o(.data)
    __stdout                                 0x20000210   Data           4  stdout.o(.data)
    __microlib_freelist                      0x20000214   Data           4  mvars.o(.data)
    __microlib_freelist_initialised          0x20000218   Data           4  mvars.o(.data)
    __heap_base                              0x20000418   Data           0  startup.o(HEAP)
    __heap_limit                             0x20000418   Data           0  startup.o(HEAP)
    __initial_sp                             0x20000818   Data           0  startup.o(STACK)



==============================================================================

Memory Map of the image

  Image Entry point : 0x00000101

  Load Region LR_1 (Base: 0x00000000, Size: 0x00007d38, Max: 0xffffffff, ABSOLUTE, COMPRESSED[0x00007b8c])

    Execution Region ER_RO (Base: 0x00000000, Size: 0x00007b1c, Max: 0xffffffff, ABSOLUTE)

    Base Addr    Size         Type   Attr      Idx    E Section Name        Object

    0x00000000   0x00000118   Code   RO            3  * RESET               startup.o
    0x00000118   0x00000000   Code   RO         1033  * .ARM.Collect$$$$00000000  mc_w.l(entry.o)
    0x00000118   0x00000004   Code   RO         1328    .ARM.Collect$$$$00000001  mc_w.l(entry2.o)
    0x0000011c   0x00000004   Code   RO         1331    .ARM.Collect$$$$00000004  mc_w.l(entry5.o)
    0x00000120   0x00000000   Code   RO         1333    .ARM.Collect$$$$00000008  mc_w.l(entry7b.o)
    0x00000120   0x00000008   Code   RO         1334    .ARM.Collect$$$$00000009  mc_w.l(entry8.o)
    0x00000128   0x00000004   Code   RO         1329    .ARM.Collect$$$$00002712  mc_w.l(entry2.o)
    0x0000012c   0x00000006   Code   RO          205    .emb_text           utils.o
    0x00000132   0x00000002   PAD
    0x00000134   0x00000006   Code   RO          666    .emb_text           driverlib.lib(sysctl.o)
    0x0000013a   0x00000002   PAD
    0x0000013c   0x0000001c   Code   RO            4    .text               startup.o
    0x00000158   0x00000080   Code   RO           12    .text               pll.o
    0x000001d8   0x000003dc   Code   RO           25    .text               output.o
    0x000005b4   0x00000420   Code   RO           50    .text               rit128x96x4.o
    0x000009d4   0x0000003e   Code   RO           92    .text               logo.o
    0x00000a12   0x00000002   PAD
    0x00000a14   0x0000014c   Code   RO          104    .text               battleship_main.o
    0x00000b60   0x000000e8   Code   RO          142    .text               dac.o
    0x00000c48   0x00000448   Code   RO          154    .text               display.o
    0x00001090   0x00000798   Code   RO          172    .text               grid.o
    0x00001828   0x000001f8   Code   RO          190    .text               portgints.o
    0x00001a20   0x00000028   Code   RO          206    .text               utils.o
    0x00001a48   0x000000fc   Code   RO          221    .text               adc.o
    0x00001b44   0x000003c0   Code   RO          233    .text               gamesound.o
    0x00001f04   0x00000024   Code   RO         1036    .text               mc_w.l(memcpya.o)
    0x00001f28   0x00000024   Code   RO         1353    .text               mc_w.l(init.o)
    0x00001f4c   0x0000005c   Code   RO         1371    .text               mc_w.l(__dczerorl2.o)
    0x00001fa8   0x00000028   Code   RO          327    i.GPIODirModeSet    driverlib.lib(gpio.o)
    0x00001fd0   0x000000b0   Code   RO          332    i.GPIOPadConfigSet  driverlib.lib(gpio.o)
    0x00002080   0x0000001c   Code   RO          345    i.GPIOPinTypeGPIOOutput  driverlib.lib(gpio.o)
    0x0000209c   0x0000001c   Code   RO          351    i.GPIOPinTypeSSI    driverlib.lib(gpio.o)
    0x000020b8   0x00000006   Code   RO          356    i.GPIOPinWrite      driverlib.lib(gpio.o)
    0x000020be   0x00000008   Code   RO          555    i.SSIBusy           driverlib.lib(ssi.o)
    0x000020c6   0x0000004c   Code   RO          556    i.SSIConfigSetExpClk  driverlib.lib(ssi.o)
    0x00002112   0x00000012   Code   RO          560    i.SSIDataGetNonBlocking  driverlib.lib(ssi.o)
    0x00002124   0x0000000c   Code   RO          561    i.SSIDataPut        driverlib.lib(ssi.o)
    0x00002130   0x0000000a   Code   RO          563    i.SSIDisable        driverlib.lib(ssi.o)
    0x0000213a   0x0000000a   Code   RO          564    i.SSIEnable         driverlib.lib(ssi.o)
    0x00002144   0x000001e4   Code   RO          671    i.SysCtlClockGet    driverlib.lib(sysctl.o)
    0x00002328   0x00000138   Code   RO          672    i.SysCtlClockSet    driverlib.lib(sysctl.o)
    0x00002460   0x00000020   Code   RO          696    i.SysCtlPeripheralEnable  driverlib.lib(sysctl.o)
    0x00002480   0x00000010   Code   RO         1041    i.__0printf$bare    mc_w.l(printfb.o)
    0x00002490   0x0000000e   Code   RO         1365    i.__scatterload_copy  mc_w.l(handlers.o)
    0x0000249e   0x00000002   Code   RO         1366    i.__scatterload_null  mc_w.l(handlers.o)
    0x000024a0   0x0000000e   Code   RO         1367    i.__scatterload_zeroinit  mc_w.l(handlers.o)
    0x000024ae   0x00000022   Code   RO         1048    i._printf_core      mc_w.l(printfb.o)
    0x000024d0   0x00000050   Code   RO         1300    i.free              mc_w.l(malloc.o)
    0x00002520   0x0000006c   Code   RO         1301    i.malloc            mc_w.l(malloc.o)
    0x0000258c   0x0000023b   Data   RO           51    .constdata          rit128x96x4.o
    0x000027c7   0x00000001   PAD
    0x000027c8   0x000000b4   Data   RO          234    .constdata          gamesound.o
    0x0000287c   0x00001677   Data   RO          270    .constdata          battleshipcover.o
    0x00003ef3   0x0000050a   Data   RO          277    .constdata          battleships.o
    0x000043fd   0x00000473   Data   RO          284    .constdata          gridtiles.o
    0x00004870   0x00000500   Data   RO          298    .constdata          menu.o
    0x00004d70   0x00001677   Data   RO          312    .constdata          lose.o
    0x000063e7   0x00001677   Data   RO          319    .constdata          win.o
    0x00007a5e   0x00000002   PAD
    0x00007a60   0x0000009c   Data   RO          709    .constdata          driverlib.lib(sysctl.o)
    0x00007afc   0x00000020   Data   RO         1363    Region$$Table       anon$$obj.o


    Execution Region ER_RW (Base: 0x20000000, Size: 0x0000021c, Max: 0xffffffff, ABSOLUTE, COMPRESSED[0x00000070])

    Base Addr    Size         Type   Attr      Idx    E Section Name        Object

    0x20000000   0x00000006   Data   RW           27    .data               output.o
    0x20000006   0x00000002   PAD
    0x20000008   0x0000000c   Data   RW           52    .data               rit128x96x4.o
    0x20000014   0x00000002   Data   RW          155    .data               display.o
    0x20000016   0x00000002   PAD
    0x20000018   0x0000001c   Data   RW          173    .data               grid.o
    0x20000034   0x00000004   Data   RW          191    .data               portgints.o
    0x20000038   0x00000004   Data   RW          207    .data               utils.o
    0x2000003c   0x000001d2   Data   RW          235    .data               gamesound.o
    0x2000020e   0x00000002   PAD
    0x20000210   0x00000004   Data   RW         1335    .data               mc_w.l(stdout.o)
    0x20000214   0x00000004   Data   RW         1340    .data               mc_w.l(mvars.o)
    0x20000218   0x00000004   Data   RW         1341    .data               mc_w.l(mvars.o)


    Execution Region ER_ZI (Base: 0x2000021c, Size: 0x000005fc, Max: 0xffffffff, ABSOLUTE)

    Base Addr    Size         Type   Attr      Idx    E Section Name        Object

    0x2000021c   0x000001f8   Zero   RW           26    .bss                output.o
    0x20000414   0x00000004   PAD
    0x20000418   0x00000000   Zero   RW            2    HEAP                startup.o
    0x20000418   0x00000400   Zero   RW            1    STACK               startup.o


==============================================================================

Image component sizes


      Code (inc. data)   RO Data    RW Data    ZI Data      Debug   Object Name

       252         38          0          0          0        740   adc.o
       332         46          0          0          0       1731   battleship_main.o
         0          0       5751          0          0        386   battleshipcover.o
         0          0       1290          0          0        662   battleships.o
       232         52          0          0          0        850   dac.o
      1096        250          0          2          0       3284   display.o
       960         74        180        466          0       3625   gamesound.o
      1944         34          0         28          0       5454   grid.o
         0          0       1139          0          0        565   gridtiles.o
        62          0          0          0          0        690   logo.o
         0          0       5751          0          0        346   lose.o
         0          0       1280          0          0        505   menu.o
       988         30          0          6        504       4066   output.o
       128          4          0          0          0       1847   pll.o
       504         70          0          4          0       1216   portgints.o
      1056         52        571         12          0       4278   rit128x96x4.o
       308        258          0          0       1024        924   startup.o
        46         12          0          4          0       1018   utils.o
         0          0       5751          0          0        345   win.o

    ----------------------------------------------------------------------
      7912        920      21748        528       1532      32532   Object Totals
         0          0         32          0          0          0   (incl. Generated)
         4          0          3          6          4          0   (incl. Padding)

    ----------------------------------------------------------------------

      Code (inc. data)   RO Data    RW Data    ZI Data      Debug   Library Member Name

       278          0          0          0          0       5992   gpio.o
       134          0          0          0          0       3033   ssi.o
       834         76        156          0          0       3771   sysctl.o
        92          0          0          0          0          0   __dczerorl2.o
         0          0          0          0          0          0   entry.o
         8          4          0          0          0          0   entry2.o
         4          0          0          0          0          0   entry5.o
         0          0          0          0          0          0   entry7b.o
         8          4          0          0          0          0   entry8.o
        30          0          0          0          0          0   handlers.o
        36          8          0          0          0         68   init.o
       188         20          0          0          0        160   malloc.o
        36          0          0          0          0         68   memcpya.o
         0          0          0          8          0          0   mvars.o
        50          8          0          0          0        152   printfb.o
         0          0          0          4          0          0   stdout.o

    ----------------------------------------------------------------------
      1700        120        156         12          0      13244   Library Totals
         2          0          0          0          0          0   (incl. Padding)

    ----------------------------------------------------------------------

      Code (inc. data)   RO Data    RW Data    ZI Data      Debug   Library Name

      1246         76        156          0          0      12796   driverlib.lib
       452         44          0         12          0        448   mc_w.l

    ----------------------------------------------------------------------
      1700        120        156         12          0      13244   Library Totals

    ----------------------------------------------------------------------

==============================================================================


      Code (inc. data)   RO Data    RW Data    ZI Data      Debug   

      9612       1040      21904        540       1532      43974   Grand Totals
      9612       1040      21904        112       1532      43974   ELF Image Totals (compressed)
      9612       1040      21904        112          0          0   ROM Totals

==============================================================================

    Total RO  Size (Code + RO Data)                31516 (  30.78kB)
    Total RW  Size (RW Data + ZI Data)              2072 (   2.02kB)
    Total ROM Size (Code + RO Data + RW Data)      31628 (  30.89kB)

==============================================================================

