<html>
<body>
<pre>
<h1>µVision Build Log</h1>
<h2>Project:</h2>
C:\Users\Chocalatesauce\Documents\EE 319k\Lab 7_Final\PeriodicSysTickInts.uvproj
Project File Date:  04/25/2013

<h2>Output:</h2>
Rebuild target 'PeriodicSysTickInts'
assembling Startup.s...
compiling DAC.c...
compiling PLL.c...
compiling Sound.c...
compiling Piano.c...
compiling Test.c...
compiling Main.c...
linking...
Program Size: Code=2036 RO-data=208 RW-data=440 ZI-data=1024  
FromELF: creating hex file...
User command #1: c:\Keil\ARM\BIN40\fromelf.exe --bin .\Hex&Bin\PeriodicSysTickInts.axf --output .\Hex&Bin\ PeriodicSysTickInts.bin
".\Hex&Bin\PeriodicSysTickInts.axf": Error: Q0122E: Could not open file '.\Hex&Bin\PeriodicSysTickInts.axf': No such file or directory
Finished: 0 information, 0 warning and 1 error messages.
".\Hex&Bin\Main.axf" - 0 Error(s), 0 Warning(s).
Load "C:\\Users\\Chocalatesauce\\Documents\\EE 319k\\Lab 7_Final\\Hex&Bin\\Main.AXF" 
Connecting: Mode=JTAG, Speed=1000000Hz
Erase Done.
Programming Done.
Verify OK.
