******************************************************************************
                  TMS470 Linker PC v4.9.1                      
******************************************************************************
>> Linked Thu Jul 12 16:52:55 2012

OUTPUT FILE NAME:   <SysTick_1968asm.out>
ENTRY POINT SYMBOL: "_c_int00"  address: 000004d1


MEMORY CONFIGURATION

         name            origin    length      used     unused   attr    fill
----------------------  --------  ---------  --------  --------  ----  --------
  FLASH                 00000000   00040000  00000568  0003fa98  R  X
  SRAM                  20000000   00010000  00000114  0000feec  RW X


SEGMENT ALLOCATION MAP

run origin  load origin   length   init length attrs members
----------  ----------- ---------- ----------- ----- -------
00000000    00000000    00000568   00000568    r-x
  00000000    00000000    000000f0   000000f0    r-- .intvecs
  000000f0    000000f0    00000458   00000458    r-x .text
  00000548    00000548    00000020   00000020    r-- .cinit
20000000    20000000    00000100   00000000    rw-
  20000000    20000000    00000100   00000000    rw- .stack
20000100    20000100    00000014   00000014    rw-
  20000100    20000100    00000014   00000014    rw- .data


SECTION ALLOCATION MAP

 output                                  attributes/
section   page    origin      length       input sections
--------  ----  ----------  ----------   ----------------
.intvecs   0    00000000    000000f0     
                  00000000    000000f0     startup_ccsValvanoWare.obj (.intvecs)

.text      0    000000f0    00000458     
                  000000f0    0000009e     startup_ccsValvanoWare.obj (.text)
                  0000018e    0000009c     rtsv7M3_T_le_eabi.lib : memcpy_t2.obj (.text)
                  0000022a    00000002     --HOLE-- [fill = 0]
                  0000022c    00000094                           : auto_init.obj (.text)
                  000002c0    0000006c     SysTick.obj (.text)
                  0000032c    00000066     SysTickTestMain.obj (.text)
                  00000392    0000005e     rtsv7M3_T_le_eabi.lib : copy_decompress_rle.obj (.text)
                  000003f0    00000052     PLL.obj (.text)
                  00000442    00000002     --HOLE-- [fill = 0]
                  00000444    00000048     rtsv7M3_T_le_eabi.lib : cpy_tbl.obj (.text)
                  0000048c    00000044                           : exit.obj (.text)
                  000004d0    00000034                           : boot.obj (.text)
                  00000504    00000018                           : _lock.obj (.text)
                  0000051c    00000018                           : args_main.obj (.text)
                  00000534    0000000e                           : copy_decompress_none.obj (.text:decompress:none)
                  00000542    00000006                           : copy_decompress_rle.obj (.text:decompress:rle24)

.cinit     0    00000548    00000020     
                  00000548    0000000f     (.cinit..data.load) [load image, compression = rle]
                  00000557    00000001     --HOLE-- [fill = 0]
                  00000558    00000008     (__TI_handler_table)
                  00000560    00000008     (__TI_cinit_table)

.stack     0    20000000    00000100     UNINITIALIZED
                  20000000    00000100     --HOLE--

.data      0    20000100    00000014     
                  20000100    00000008     rtsv7M3_T_le_eabi.lib : _lock.obj (.data)
                  20000108    00000008                           : exit.obj (.data)
                  20000110    00000004                           : stkdepth_vars.obj (.data)


LINKER GENERATED COPY TABLES

__TI_cinit_table @ 00000560 records: 1, size/record: 8, table size: 8
	.data: load addr=00000548, load size=0000000f bytes, run addr=20000100, run size=00000014 bytes, compression=rle


LINKER GENERATED HANDLER TABLE

__TI_handler_table @ 00000558 records: 2, size/record: 4, table size: 8
	index: 0, handler: __TI_decompress_rle24
	index: 1, handler: __TI_decompress_none


GLOBAL SYMBOLS: SORTED ALPHABETICALLY BY Name 

address    name
--------   ----
00000127   ADC0_Handler
00000129   ADC1_Handler
0000012b   ADC2_Handler
0000012d   ADC3_Handler
0000048d   C$$EXIT
00000159   CAN0_Handler
0000015b   CAN1_Handler
0000015d   CAN2_Handler
0000013d   Comp0_Handler
0000013f   Comp1_Handler
00000141   Comp2_Handler
0000016b   DisableInterrupts
00000171   EnableInterrupts
00000181   EndCritical
0000015f   Ethernet_Handler
00000145   FlashCtl_Handler
0000010b   GPIOPortA_Handler
0000010d   GPIOPortB_Handler
0000010f   GPIOPortC_Handler
00000111   GPIOPortD_Handler
00000113   GPIOPortE_Handler
00000147   GPIOPortF_Handler
00000149   GPIOPortG_Handler
0000014b   GPIOPortH_Handler
00000161   Hibernate_Handler
0000011b   I2C0_Handler
00000155   I2C1_Handler
00000109   IntDefaultHandler
000003f9   PLL_Init
0000011f   PWM0_Handler
00000121   PWM1_Handler
00000123   PWM2_Handler
00000165   PWM3_Handler
0000011d   PWMFault_Handler
00000105   PendSV_Handler
00000125   Quadrature0_Handler
00000157   Quadrature1_Handler
00000119   SSI0_Handler
0000014f   SSI1_Handler
00000177   StartCritical
00000143   SysCtl_Handler
00000107   SysTick_Handler
000002d1   SysTick_Init
000002fb   SysTick_Wait
00000315   SysTick_Wait10ms
00000131   Timer0A_Handler
00000133   Timer0B_Handler
00000135   Timer1A_Handler
00000137   Timer1B_Handler
00000139   Timer2A_Handler
0000013b   Timer2B_Handler
00000151   Timer3A_Handler
00000153   Timer3B_Handler
00000115   UART0_Handler
00000117   UART1_Handler
0000014d   UART2_Handler
00000163   USB0_Handler
0000012f   WDT_Handler
00000189   WaitForInterrupt
20000100   __STACK_END
00000100   __STACK_SIZE
20000100   __STACK_TOP
00000560   __TI_CINIT_Base
00000568   __TI_CINIT_Limit
00000558   __TI_Handler_Table_Base
00000560   __TI_Handler_Table_Limit
00000001   __TI_args_main
0000022d   __TI_auto_init
00000535   __TI_decompress_none
00000543   __TI_decompress_rle24
00000000   __TI_static_base__
0000018f   __aeabi_memcpy
0000018f   __aeabi_memcpy4
0000018f   __aeabi_memcpy8
ffffffff   __binit__
ffffffff   __c_args__
20000000   __stack
0000051d   _args_main
000004d1   _c_int00
20000108   _cleanup_ptr
2000010c   _dtors_ptr
20000100   _lock
00000511   _nop
0000050b   _register_lock
00000505   _register_unlock
20000104   _unlock
00000491   abort
ffffffff   binit
00000445   copy_in
00000499   exit
00000000   g_pfnVectors
00000341   main
20000110   main_func_sp
0000018f   memcpy
00000169   uDMA_Error
00000167   uDMA_Handler


GLOBAL SYMBOLS: SORTED BY Symbol Address 

address    name
--------   ----
00000000   __TI_static_base__
00000000   g_pfnVectors
00000001   __TI_args_main
00000100   __STACK_SIZE
00000105   PendSV_Handler
00000107   SysTick_Handler
00000109   IntDefaultHandler
0000010b   GPIOPortA_Handler
0000010d   GPIOPortB_Handler
0000010f   GPIOPortC_Handler
00000111   GPIOPortD_Handler
00000113   GPIOPortE_Handler
00000115   UART0_Handler
00000117   UART1_Handler
00000119   SSI0_Handler
0000011b   I2C0_Handler
0000011d   PWMFault_Handler
0000011f   PWM0_Handler
00000121   PWM1_Handler
00000123   PWM2_Handler
00000125   Quadrature0_Handler
00000127   ADC0_Handler
00000129   ADC1_Handler
0000012b   ADC2_Handler
0000012d   ADC3_Handler
0000012f   WDT_Handler
00000131   Timer0A_Handler
00000133   Timer0B_Handler
00000135   Timer1A_Handler
00000137   Timer1B_Handler
00000139   Timer2A_Handler
0000013b   Timer2B_Handler
0000013d   Comp0_Handler
0000013f   Comp1_Handler
00000141   Comp2_Handler
00000143   SysCtl_Handler
00000145   FlashCtl_Handler
00000147   GPIOPortF_Handler
00000149   GPIOPortG_Handler
0000014b   GPIOPortH_Handler
0000014d   UART2_Handler
0000014f   SSI1_Handler
00000151   Timer3A_Handler
00000153   Timer3B_Handler
00000155   I2C1_Handler
00000157   Quadrature1_Handler
00000159   CAN0_Handler
0000015b   CAN1_Handler
0000015d   CAN2_Handler
0000015f   Ethernet_Handler
00000161   Hibernate_Handler
00000163   USB0_Handler
00000165   PWM3_Handler
00000167   uDMA_Handler
00000169   uDMA_Error
0000016b   DisableInterrupts
00000171   EnableInterrupts
00000177   StartCritical
00000181   EndCritical
00000189   WaitForInterrupt
0000018f   __aeabi_memcpy
0000018f   __aeabi_memcpy4
0000018f   __aeabi_memcpy8
0000018f   memcpy
0000022d   __TI_auto_init
000002d1   SysTick_Init
000002fb   SysTick_Wait
00000315   SysTick_Wait10ms
00000341   main
000003f9   PLL_Init
00000445   copy_in
0000048d   C$$EXIT
00000491   abort
00000499   exit
000004d1   _c_int00
00000505   _register_unlock
0000050b   _register_lock
00000511   _nop
0000051d   _args_main
00000535   __TI_decompress_none
00000543   __TI_decompress_rle24
00000558   __TI_Handler_Table_Base
00000560   __TI_CINIT_Base
00000560   __TI_Handler_Table_Limit
00000568   __TI_CINIT_Limit
20000000   __stack
20000100   __STACK_END
20000100   __STACK_TOP
20000100   _lock
20000104   _unlock
20000108   _cleanup_ptr
2000010c   _dtors_ptr
20000110   main_func_sp
ffffffff   __binit__
ffffffff   __c_args__
ffffffff   binit

[96 symbols]
