<html>
<body>
<pre>
<h1>µVision Build Log</h1>
<h2>Project:</h2>
C:\Users\Chocalatesauce\Documents\EE 319k\Lab 7_Final\PeriodicSysTickInts.uvproj
Project File Date:  04/04/2013

<h2>Output:</h2>
Rebuild target 'PeriodicSysTickInts'
assembling Startup.s...
compiling DAC.c...
compiling PLL.c...
compiling Sound.c...
compiling Piano.c...
compiling Test.c...
compiling Main.c...
linking...
Program Size: Code=1836 RO-data=208 RW-data=440 ZI-data=1024  
"Main.axf" - 0 Error(s), 0 Warning(s).
Rebuild target 'PeriodicSysTickInts'
assembling Startup.s...
compiling DAC.c...
compiling PLL.c...
compiling Sound.c...
Sound.c(78): warning:  #2548-D: multicharacter character literal (potential portability problem)
compiling Piano.c...
compiling Test.c...
compiling Main.c...
linking...
Program Size: Code=1840 RO-data=208 RW-data=440 ZI-data=1024  
"Main.axf" - 0 Error(s), 1 Warning(s).
Rebuild target 'PeriodicSysTickInts'
assembling Startup.s...
compiling DAC.c...
compiling PLL.c...
compiling Sound.c...
Sound.c(78): warning:  #2548-D: multicharacter character literal (potential portability problem)
compiling Piano.c...
compiling Test.c...
compiling Main.c...
linking...
Program Size: Code=1840 RO-data=208 RW-data=440 ZI-data=1024  
"Main.axf" - 0 Error(s), 1 Warning(s).
compiling Test.c...
Test.c - 0 Error(s), 0 Warning(s).
Rebuild target 'PeriodicSysTickInts'
assembling Startup.s...
compiling DAC.c...
compiling PLL.c...
compiling Sound.c...
Sound.c(78): warning:  #2548-D: multicharacter character literal (potential portability problem)
compiling Piano.c...
compiling Test.c...
compiling Main.c...
linking...
Program Size: Code=1840 RO-data=208 RW-data=440 ZI-data=1024  
"Main.axf" - 0 Error(s), 1 Warning(s).
compiling Test.c...
Test.c - 0 Error(s), 0 Warning(s).
Rebuild target 'PeriodicSysTickInts'
assembling Startup.s...
compiling DAC.c...
compiling PLL.c...
compiling Sound.c...
Sound.c(78): warning:  #2548-D: multicharacter character literal (potential portability problem)
compiling Piano.c...
compiling Test.c...
compiling Main.c...
linking...
Program Size: Code=1840 RO-data=208 RW-data=440 ZI-data=1024  
FromELF: creating hex file...
"Main.axf" - 0 Error(s), 1 Warning(s).
compiling Test.c...
Test.c - 0 Error(s), 0 Warning(s).
Rebuild target 'PeriodicSysTickInts'
assembling Startup.s...
compiling DAC.c...
compiling PLL.c...
compiling Sound.c...
Sound.c(78): warning:  #2548-D: multicharacter character literal (potential portability problem)
compiling Piano.c...
compiling Test.c...
compiling Main.c...
linking...
Program Size: Code=1840 RO-data=208 RW-data=440 ZI-data=1024  
FromELF: creating hex file...
"Main.axf" - 0 Error(s), 1 Warning(s).
Rebuild target 'PeriodicSysTickInts'
assembling Startup.s...
compiling DAC.c...
compiling PLL.c...
compiling Sound.c...
compiling Piano.c...
compiling Test.c...
compiling Main.c...
linking...
Program Size: Code=2036 RO-data=208 RW-data=440 ZI-data=1024  
FromELF: creating hex file...
"Main.axf" - 0 Error(s), 0 Warning(s).
compiling Sound.c...
Sound.c - 0 Error(s), 0 Warning(s).
Load "C:\\Users\\Chocalatesauce\\Documents\\EE 319k\\Lab 7_Final\\Main.AXF" 
Connecting: Mode=JTAG, Speed=1000000Hz
Connection failed!, error code=&d
Rebuild target 'PeriodicSysTickInts'
assembling Startup.s...
compiling DAC.c...
compiling PLL.c...
compiling Sound.c...
compiling Piano.c...
compiling Test.c...
compiling Main.c...
linking...
Program Size: Code=2036 RO-data=208 RW-data=440 ZI-data=1024  
FromELF: creating hex file...
User command #1: C:\Keil\ARM\ARMCC\bin\fromelf.exe --bin obj\<filename>.axf --output <filename>.bin
"obj\<filename>.axf": Error: Q0122E: Could not open file 'obj\<filename>.axf': No such file or directory
Finished: 0 information, 0 warning and 1 error messages.
"Main.axf" - 0 Error(s), 0 Warning(s).
Rebuild target 'PeriodicSysTickInts'
assembling Startup.s...
compiling DAC.c...
compiling PLL.c...
compiling Sound.c...
compiling Piano.c...
compiling Test.c...
compiling Main.c...
linking...
Program Size: Code=2036 RO-data=208 RW-data=440 ZI-data=1024  
FromELF: creating hex file...
User command #1: C:\Keil\ARM\ARMCC\bin\fromelf.exe --bin obj\PeriodicSysTickInts.axf --output PeriodicSysTickInts.bin
"obj\PeriodicSysTickInts.axf": Error: Q0122E: Could not open file 'obj\PeriodicSysTickInts.axf': No such file or directory
Finished: 0 information, 0 warning and 1 error messages.
"Main.axf" - 0 Error(s), 0 Warning(s).
Rebuild target 'PeriodicSysTickInts'
assembling Startup.s...
compiling DAC.c...
compiling PLL.c...
compiling Sound.c...
compiling Piano.c...
compiling Test.c...
compiling Main.c...
linking...
Program Size: Code=2036 RO-data=208 RW-data=440 ZI-data=1024  
FromELF: creating hex file...
User command #1: C:\Keil\ARM\ARMCC\bin\fromelf.exe --bin obj\Main.axf --output PeriodicSysTickInts.bin
"obj\Main.axf": Error: Q0122E: Could not open file 'obj\Main.axf': No such file or directory
Finished: 0 information, 0 warning and 1 error messages.
"Main.axf" - 0 Error(s), 0 Warning(s).
Rebuild target 'PeriodicSysTickInts'
assembling Startup.s...
compiling DAC.c...
compiling PLL.c...
compiling Sound.c...
compiling Piano.c...
compiling Test.c...
compiling Main.c...
linking...
Program Size: Code=2036 RO-data=208 RW-data=440 ZI-data=1024  
FromELF: creating hex file...
User command #1: C:\Keil\ARM\ARMCC\bin\fromelf.exe --bin obj\PeriodicSysTickInts.axf --output PeriodicSysTickInts.bin
"obj\PeriodicSysTickInts.axf": Error: Q0122E: Could not open file 'obj\PeriodicSysTickInts.axf': No such file or directory
Finished: 0 information, 0 warning and 1 error messages.
"Main.axf" - 0 Error(s), 0 Warning(s).
Rebuild target 'PeriodicSysTickInts'
assembling Startup.s...
compiling DAC.c...
compiling PLL.c...
compiling Sound.c...
compiling Piano.c...
compiling Test.c...
compiling Main.c...
linking...
Program Size: Code=2036 RO-data=208 RW-data=440 ZI-data=1024  
FromELF: creating hex file...
User command #1: c:\Keil\ARM\BIN40\fromelf.exe --bin obj\PeriodicSysTickInts.axf --output PeriodicSysTickInts.bin
"obj\PeriodicSysTickInts.axf": Error: Q0122E: Could not open file 'obj\PeriodicSysTickInts.axf': No such file or directory
Finished: 0 information, 0 warning and 1 error messages.
"Main.axf" - 0 Error(s), 0 Warning(s).
Rebuild target 'PeriodicSysTickInts'
assembling Startup.s...
compiling DAC.c...
compiling PLL.c...
compiling Sound.c...
compiling Piano.c...
compiling Test.c...
compiling Main.c...
linking...
Program Size: Code=2036 RO-data=208 RW-data=440 ZI-data=1024  
FromELF: creating hex file...
User command #1: c:\Keil\ARM\BIN40\fromelf.exe --bin Hex&Bin\PeriodicSysTickInts.axf --output PeriodicSysTickInts.bin
"Hex&Bin\PeriodicSysTickInts.axf": Error: Q0122E: Could not open file 'Hex&Bin\PeriodicSysTickInts.axf': No such file or directory
Finished: 0 information, 0 warning and 1 error messages.
".\Hex&Bin\Main.axf" - 0 Error(s), 0 Warning(s).
Rebuild target 'PeriodicSysTickInts'
assembling Startup.s...
compiling DAC.c...
compiling PLL.c...
compiling Sound.c...
compiling Piano.c...
compiling Test.c...
compiling Main.c...
linking...
Program Size: Code=2036 RO-data=208 RW-data=440 ZI-data=1024  
FromELF: creating hex file...
User command #1: c:\Keil\ARM\BIN40\fromelf.exe --bin .\Hex&Bin\PeriodicSysTickInts.axf --output .\Hex&Bin\ PeriodicSysTickInts.bin
".\Hex&Bin\PeriodicSysTickInts.axf": Error: Q0122E: Could not open file '.\Hex&Bin\PeriodicSysTickInts.axf': No such file or directory
Finished: 0 information, 0 warning and 1 error messages.
".\Hex&Bin\Main.axf" - 0 Error(s), 0 Warning(s).
