<html>
<body>
<pre>
<h1>µVision Build Log</h1>
<h2>Project:</h2>
C:\Users\Chocalatesauce\Documents\EE 319k\Lab 7\PeriodicSysTickInts.uvproj
Project File Date:  04/03/2013

<h2>Output:</h2>
Rebuild target 'PeriodicSysTickInts'
assembling Startup.s...
compiling PeriodicSysTickInts.c...
compiling DAC.c...
compiling PLL.c...
compiling Sound.c...
compiling Piano.c...
compiling Test.c...
Test.c(35): warning:  #177-D: variable "arraylength" was declared but never referenced
linking...
Program Size: Code=1952 RO-data=208 RW-data=440 ZI-data=1024  
"PeriodicSysTickInts.axf" - 0 Error(s), 1 Warning(s).
Rebuild target 'PeriodicSysTickInts'
assembling Startup.s...
compiling PeriodicSysTickInts.c...
compiling DAC.c...
compiling PLL.c...
compiling Sound.c...
compiling Piano.c...
compiling Test.c...
Test.c(35): warning:  #177-D: variable "arraylength" was declared but never referenced
linking...
Program Size: Code=1952 RO-data=208 RW-data=440 ZI-data=1024  
"PeriodicSysTickInts.axf" - 0 Error(s), 1 Warning(s).
Rebuild target 'PeriodicSysTickInts'
assembling Startup.s...
compiling PeriodicSysTickInts.c...
compiling DAC.c...
compiling PLL.c...
compiling Sound.c...
compiling Piano.c...
compiling Test.c...
linking...
Program Size: Code=1952 RO-data=208 RW-data=440 ZI-data=1024  
"PeriodicSysTickInts.axf" - 0 Error(s), 0 Warning(s).
Rebuild target 'PeriodicSysTickInts'
assembling Startup.s...
compiling PeriodicSysTickInts.c...
compiling DAC.c...
compiling PLL.c...
compiling Sound.c...
compiling Piano.c...
compiling Test.c...
Test.c(52): error:  #268: declaration may not appear after executable statement in block
Test.c(63): error:  #169: expected a declaration
Test.c(87): warning:  #12-D: parsing restarts here after previous syntax error
Test.c(88): error:  #77-D: this declaration has no storage class or type specifier
Test.c(88): error:  #20: identifier "note2" is undefined
Test.c(89): error:  #169: expected a declaration
Test.c(91): error:  #169: expected a declaration
Test.c(94): warning: At end of source:  #12-D: parsing restarts here after previous syntax error
Target not created
Rebuild target 'PeriodicSysTickInts'
assembling Startup.s...
compiling PeriodicSysTickInts.c...
compiling DAC.c...
compiling PLL.c...
compiling Sound.c...
compiling Piano.c...
compiling Test.c...
Test.c(64): error:  #169: expected a declaration
Test.c(88): warning:  #12-D: parsing restarts here after previous syntax error
Test.c(89): error:  #77-D: this declaration has no storage class or type specifier
Test.c(89): error:  #20: identifier "note2" is undefined
Test.c(90): error:  #169: expected a declaration
Test.c(92): error:  #169: expected a declaration
Test.c(95): warning: At end of source:  #12-D: parsing restarts here after previous syntax error
Target not created
Rebuild target 'PeriodicSysTickInts'
assembling Startup.s...
compiling PeriodicSysTickInts.c...
compiling DAC.c...
compiling PLL.c...
compiling Sound.c...
compiling Piano.c...
compiling Test.c...
Test.c(50): error:  #20: identifier "stopnote" is undefined
Test.c(52): error:  #20: identifier "note" is undefined
Test.c(60): error:  #20: identifier "note" is undefined
Test.c(64): error:  #169: expected a declaration
Test.c(88): warning:  #12-D: parsing restarts here after previous syntax error
Test.c(89): error:  #77-D: this declaration has no storage class or type specifier
Test.c(89): error:  #20: identifier "note2" is undefined
Test.c(90): error:  #169: expected a declaration
Test.c(92): error:  #169: expected a declaration
Test.c(95): warning: At end of source:  #12-D: parsing restarts here after previous syntax error
Target not created
Rebuild target 'PeriodicSysTickInts'
assembling Startup.s...
compiling PeriodicSysTickInts.c...
compiling DAC.c...
compiling PLL.c...
compiling Sound.c...
compiling Piano.c...
compiling Test.c...
Test.c(50): error:  #20: identifier "stopnote" is undefined
Test.c(64): error:  #169: expected a declaration
Test.c(88): warning:  #12-D: parsing restarts here after previous syntax error
Test.c(89): error:  #77-D: this declaration has no storage class or type specifier
Test.c(89): error:  #20: identifier "note2" is undefined
Test.c(90): error:  #169: expected a declaration
Test.c(92): error:  #169: expected a declaration
Test.c(95): warning: At end of source:  #12-D: parsing restarts here after previous syntax error
Target not created
Rebuild target 'PeriodicSysTickInts'
assembling Startup.s...
compiling PeriodicSysTickInts.c...
compiling DAC.c...
compiling PLL.c...
compiling Sound.c...
compiling Piano.c...
compiling Test.c...
Test.c(50): error:  #20: identifier "stopnote" is undefined
Target not created
Rebuild target 'PeriodicSysTickInts'
assembling Startup.s...
compiling PeriodicSysTickInts.c...
compiling DAC.c...
compiling PLL.c...
compiling Sound.c...
compiling Piano.c...
compiling Test.c...
linking...
Program Size: Code=1944 RO-data=208 RW-data=440 ZI-data=1024  
"PeriodicSysTickInts.axf" - 0 Error(s), 0 Warning(s).
Rebuild target 'PeriodicSysTickInts'
assembling Startup.s...
compiling PeriodicSysTickInts.c...
compiling DAC.c...
compiling PLL.c...
compiling Sound.c...
compiling Piano.c...
compiling Test.c...
linking...
Program Size: Code=1944 RO-data=208 RW-data=440 ZI-data=1024  
"PeriodicSysTickInts.axf" - 0 Error(s), 0 Warning(s).
Load "C:\\Users\\Chocalatesauce\\Documents\\EE 319k\\Lab 7\\PeriodicSysTickInts.AXF" 
Connecting: Mode=JTAG, Speed=1000000Hz
Erase Done.
Programming Done.
Verify OK.
Rebuild target 'PeriodicSysTickInts'
assembling Startup.s...
compiling PeriodicSysTickInts.c...
compiling DAC.c...
compiling PLL.c...
compiling Sound.c...
compiling Piano.c...
compiling Test.c...
linking...
Program Size: Code=1948 RO-data=208 RW-data=440 ZI-data=1024  
"PeriodicSysTickInts.axf" - 0 Error(s), 0 Warning(s).
Load "C:\\Users\\Chocalatesauce\\Documents\\EE 319k\\Lab 7\\PeriodicSysTickInts.AXF" 
Connecting: Mode=JTAG, Speed=1000000Hz
Erase Done.
Programming Done.
Verify OK.
Rebuild target 'PeriodicSysTickInts'
assembling Startup.s...
compiling PeriodicSysTickInts.c...
compiling DAC.c...
compiling PLL.c...
compiling Sound.c...
compiling Piano.c...
compiling Test.c...
linking...
Program Size: Code=1948 RO-data=208 RW-data=440 ZI-data=1024  
"PeriodicSysTickInts.axf" - 0 Error(s), 0 Warning(s).
Load "C:\\Users\\Chocalatesauce\\Documents\\EE 319k\\Lab 7\\PeriodicSysTickInts.AXF" 
Connecting: Mode=JTAG, Speed=1000000Hz
Erase Done.
Programming Done.
Verify OK.
Rebuild target 'PeriodicSysTickInts'
assembling Startup.s...
compiling PeriodicSysTickInts.c...
compiling DAC.c...
compiling PLL.c...
compiling Sound.c...
compiling Piano.c...
compiling Test.c...
linking...
Program Size: Code=1948 RO-data=208 RW-data=440 ZI-data=1024  
"PeriodicSysTickInts.axf" - 0 Error(s), 0 Warning(s).
Load "C:\\Users\\Chocalatesauce\\Documents\\EE 319k\\Lab 7\\PeriodicSysTickInts.AXF" 
Connecting: Mode=JTAG, Speed=1000000Hz
Erase Done.
Programming Done.
Verify OK.
Rebuild target 'PeriodicSysTickInts'
assembling Startup.s...
compiling PeriodicSysTickInts.c...
compiling DAC.c...
compiling PLL.c...
compiling Sound.c...
compiling Piano.c...
compiling Test.c...
linking...
Program Size: Code=1952 RO-data=208 RW-data=440 ZI-data=1024  
"PeriodicSysTickInts.axf" - 0 Error(s), 0 Warning(s).
Build target 'PeriodicSysTickInts'
linking...
Program Size: Code=1952 RO-data=208 RW-data=440 ZI-data=1024  
"PeriodicSysTickInts.axf" - 0 Error(s), 0 Warning(s).
Load "C:\\Users\\Chocalatesauce\\Documents\\EE 319k\\Lab 7\\PeriodicSysTickInts.AXF" 
Connecting: Mode=JTAG, Speed=1000000Hz
Erase Done.
Programming Done.
Verify OK.
Rebuild target 'PeriodicSysTickInts'
assembling Startup.s...
compiling PeriodicSysTickInts.c...
compiling DAC.c...
compiling PLL.c...
compiling Sound.c...
compiling Piano.c...
compiling Test.c...
linking...
Program Size: Code=1948 RO-data=208 RW-data=440 ZI-data=1024  
"PeriodicSysTickInts.axf" - 0 Error(s), 0 Warning(s).
Load "C:\\Users\\Chocalatesauce\\Documents\\EE 319k\\Lab 7\\PeriodicSysTickInts.AXF" 
Connecting: Mode=JTAG, Speed=1000000Hz
Erase Done.
Programming Done.
Verify OK.
Rebuild target 'PeriodicSysTickInts'
assembling Startup.s...
compiling PeriodicSysTickInts.c...
compiling DAC.c...
compiling PLL.c...
compiling Sound.c...
compiling Piano.c...
compiling Test.c...
linking...
Program Size: Code=1948 RO-data=208 RW-data=440 ZI-data=1024  
"PeriodicSysTickInts.axf" - 0 Error(s), 0 Warning(s).
Load "C:\\Users\\Chocalatesauce\\Documents\\EE 319k\\Lab 7\\PeriodicSysTickInts.AXF" 
Connecting: Mode=JTAG, Speed=1000000Hz
Erase Done.
Programming Done.
Verify OK.
Rebuild target 'PeriodicSysTickInts'
assembling Startup.s...
compiling PeriodicSysTickInts.c...
compiling DAC.c...
compiling PLL.c...
compiling Sound.c...
compiling Piano.c...
compiling Test.c...
linking...
Program Size: Code=1956 RO-data=208 RW-data=440 ZI-data=1024  
"PeriodicSysTickInts.axf" - 0 Error(s), 0 Warning(s).
Rebuild target 'PeriodicSysTickInts'
assembling Startup.s...
compiling PeriodicSysTickInts.c...
compiling DAC.c...
compiling PLL.c...
compiling Sound.c...
compiling Piano.c...
compiling Test.c...
linking...
Program Size: Code=1952 RO-data=208 RW-data=440 ZI-data=1024  
"PeriodicSysTickInts.axf" - 0 Error(s), 0 Warning(s).
Rebuild target 'PeriodicSysTickInts'
assembling Startup.s...
compiling PeriodicSysTickInts.c...
compiling DAC.c...
compiling PLL.c...
compiling Sound.c...
compiling Piano.c...
compiling Test.c...
linking...
Program Size: Code=1952 RO-data=208 RW-data=440 ZI-data=1024  
"PeriodicSysTickInts.axf" - 0 Error(s), 0 Warning(s).
Load "C:\\Users\\Chocalatesauce\\Documents\\EE 319k\\Lab 7\\PeriodicSysTickInts.AXF" 
Connecting: Mode=JTAG, Speed=1000000Hz
Erase Done.
Programming Done.
Verify OK.
Rebuild target 'PeriodicSysTickInts'
assembling Startup.s...
compiling PeriodicSysTickInts.c...
compiling DAC.c...
compiling PLL.c...
compiling Sound.c...
compiling Piano.c...
compiling Test.c...
linking...
Program Size: Code=1948 RO-data=208 RW-data=440 ZI-data=1024  
"PeriodicSysTickInts.axf" - 0 Error(s), 0 Warning(s).
Rebuild target 'PeriodicSysTickInts'
assembling Startup.s...
compiling PeriodicSysTickInts.c...
compiling DAC.c...
compiling PLL.c...
compiling Sound.c...
compiling Piano.c...
compiling Test.c...
linking...
Program Size: Code=1948 RO-data=208 RW-data=440 ZI-data=1024  
"PeriodicSysTickInts.axf" - 0 Error(s), 0 Warning(s).
Rebuild target 'PeriodicSysTickInts'
assembling Startup.s...
compiling PeriodicSysTickInts.c...
compiling DAC.c...
compiling PLL.c...
compiling Sound.c...
compiling Piano.c...
compiling Test.c...
linking...
Program Size: Code=1948 RO-data=208 RW-data=440 ZI-data=1024  
"PeriodicSysTickInts.axf" - 0 Error(s), 0 Warning(s).
Load "C:\\Users\\Chocalatesauce\\Documents\\EE 319k\\Lab 7\\PeriodicSysTickInts.AXF" 
Connecting: Mode=JTAG, Speed=1000000Hz
Erase Done.
Programming Done.
Verify OK.
Rebuild target 'PeriodicSysTickInts'
assembling Startup.s...
compiling PeriodicSysTickInts.c...
compiling DAC.c...
compiling PLL.c...
compiling Sound.c...
compiling Piano.c...
compiling Test.c...
linking...
Program Size: Code=1948 RO-data=208 RW-data=440 ZI-data=1024  
"PeriodicSysTickInts.axf" - 0 Error(s), 0 Warning(s).
Rebuild target 'PeriodicSysTickInts'
assembling Startup.s...
compiling PeriodicSysTickInts.c...
compiling DAC.c...
compiling PLL.c...
compiling Sound.c...
compiling Piano.c...
compiling Test.c...
linking...
Program Size: Code=1948 RO-data=208 RW-data=440 ZI-data=1024  
"PeriodicSysTickInts.axf" - 0 Error(s), 0 Warning(s).
Load "C:\\Users\\Chocalatesauce\\Documents\\EE 319k\\Lab 7\\PeriodicSysTickInts.AXF" 
Connecting: Mode=JTAG, Speed=1000000Hz
Erase Done.
Programming Done.
Verify OK.
Load "C:\\Users\\Chocalatesauce\\Documents\\EE 319k\\Lab 7\\PeriodicSysTickInts.AXF" 
Connecting: Mode=JTAG, Speed=1000000Hz
Erase Done.
Programming Done.
Verify OK.
Rebuild target 'PeriodicSysTickInts'
assembling Startup.s...
compiling PeriodicSysTickInts.c...
compiling DAC.c...
compiling PLL.c...
compiling Sound.c...
compiling Piano.c...
compiling Test.c...
linking...
Program Size: Code=1960 RO-data=208 RW-data=440 ZI-data=1024  
"PeriodicSysTickInts.axf" - 0 Error(s), 0 Warning(s).
Rebuild target 'PeriodicSysTickInts'
assembling Startup.s...
compiling PeriodicSysTickInts.c...
compiling DAC.c...
compiling PLL.c...
compiling Sound.c...
compiling Piano.c...
compiling Test.c...
Test.c(48): warning:  #177-D: variable "stopnote" was declared but never referenced
linking...
Program Size: Code=1944 RO-data=208 RW-data=440 ZI-data=1024  
"PeriodicSysTickInts.axf" - 0 Error(s), 1 Warning(s).
Load "C:\\Users\\Chocalatesauce\\Documents\\EE 319k\\Lab 7\\PeriodicSysTickInts.AXF" 
Connecting: Mode=JTAG, Speed=1000000Hz
Erase Done.
Programming Done.
Verify OK.
Rebuild target 'PeriodicSysTickInts'
assembling Startup.s...
compiling PeriodicSysTickInts.c...
compiling DAC.c...
compiling PLL.c...
compiling Sound.c...
compiling Piano.c...
compiling Test.c...
Test.c(48): warning:  #177-D: variable "stopnote" was declared but never referenced
linking...
Program Size: Code=1944 RO-data=208 RW-data=440 ZI-data=1024  
"PeriodicSysTickInts.axf" - 0 Error(s), 1 Warning(s).
Rebuild target 'PeriodicSysTickInts'
assembling Startup.s...
compiling PeriodicSysTickInts.c...
compiling DAC.c...
compiling PLL.c...
compiling Sound.c...
compiling Piano.c...
compiling Test.c...
Test.c(48): warning:  #177-D: variable "stopnote" was declared but never referenced
linking...
Program Size: Code=1944 RO-data=208 RW-data=440 ZI-data=1024  
"PeriodicSysTickInts.axf" - 0 Error(s), 1 Warning(s).
Load "C:\\Users\\Chocalatesauce\\Documents\\EE 319k\\Lab 7\\PeriodicSysTickInts.AXF" 
Connecting: Mode=JTAG, Speed=1000000Hz
Erase Done.
Programming Done.
Verify OK.
Rebuild target 'PeriodicSysTickInts'
assembling Startup.s...
compiling PeriodicSysTickInts.c...
compiling DAC.c...
compiling PLL.c...
compiling Sound.c...
compiling Piano.c...
compiling Test.c...
Test.c(48): warning:  #177-D: variable "stopnote" was declared but never referenced
linking...
Program Size: Code=1956 RO-data=208 RW-data=440 ZI-data=1024  
"PeriodicSysTickInts.axf" - 0 Error(s), 1 Warning(s).
Rebuild target 'PeriodicSysTickInts'
assembling Startup.s...
compiling PeriodicSysTickInts.c...
compiling DAC.c...
compiling PLL.c...
compiling Sound.c...
compiling Piano.c...
compiling Test.c...
linking...
Program Size: Code=1956 RO-data=208 RW-data=440 ZI-data=1024  
"PeriodicSysTickInts.axf" - 0 Error(s), 0 Warning(s).
Load "C:\\Users\\Chocalatesauce\\Documents\\EE 319k\\Lab 7\\PeriodicSysTickInts.AXF" 
Connecting: Mode=JTAG, Speed=1000000Hz
Erase Done.
Programming Done.
Verify OK.
Rebuild target 'PeriodicSysTickInts'
assembling Startup.s...
compiling PeriodicSysTickInts.c...
compiling DAC.c...
compiling PLL.c...
compiling Sound.c...
compiling Piano.c...
compiling Test.c...
linking...
Program Size: Code=1960 RO-data=208 RW-data=440 ZI-data=1024  
"PeriodicSysTickInts.axf" - 0 Error(s), 0 Warning(s).
Load "C:\\Users\\Chocalatesauce\\Documents\\EE 319k\\Lab 7\\PeriodicSysTickInts.AXF" 
Connecting: Mode=JTAG, Speed=1000000Hz
Erase Done.
Programming Done.
Verify OK.
Rebuild target 'PeriodicSysTickInts'
assembling Startup.s...
compiling PeriodicSysTickInts.c...
compiling DAC.c...
compiling PLL.c...
compiling Sound.c...
compiling Piano.c...
compiling Test.c...
linking...
Program Size: Code=1960 RO-data=208 RW-data=440 ZI-data=1024  
"PeriodicSysTickInts.axf" - 0 Error(s), 0 Warning(s).
Load "C:\\Users\\Chocalatesauce\\Documents\\EE 319k\\Lab 7\\PeriodicSysTickInts.AXF" 
Connecting: Mode=JTAG, Speed=1000000Hz
Erase Done.
Programming Done.
Verify OK.
Rebuild target 'PeriodicSysTickInts'
assembling Startup.s...
compiling PeriodicSysTickInts.c...
compiling DAC.c...
compiling PLL.c...
compiling Sound.c...
compiling Piano.c...
compiling Test.c...
linking...
Program Size: Code=1960 RO-data=208 RW-data=440 ZI-data=1024  
"PeriodicSysTickInts.axf" - 0 Error(s), 0 Warning(s).
Rebuild target 'PeriodicSysTickInts'
assembling Startup.s...
compiling PeriodicSysTickInts.c...
compiling DAC.c...
compiling PLL.c...
compiling Sound.c...
compiling Piano.c...
compiling Test.c...
linking...
Program Size: Code=1964 RO-data=208 RW-data=440 ZI-data=1024  
"PeriodicSysTickInts.axf" - 0 Error(s), 0 Warning(s).
Load "C:\\Users\\Chocalatesauce\\Documents\\EE 319k\\Lab 7\\PeriodicSysTickInts.AXF" 
Connecting: Mode=JTAG, Speed=1000000Hz
Erase Done.
Programming Done.
Verify OK.
Rebuild target 'PeriodicSysTickInts'
assembling Startup.s...
compiling PeriodicSysTickInts.c...
compiling DAC.c...
compiling PLL.c...
compiling Sound.c...
compiling Piano.c...
compiling Test.c...
linking...
Program Size: Code=1964 RO-data=208 RW-data=440 ZI-data=1024  
"PeriodicSysTickInts.axf" - 0 Error(s), 0 Warning(s).
Rebuild target 'PeriodicSysTickInts'
assembling Startup.s...
compiling PeriodicSysTickInts.c...
compiling DAC.c...
compiling PLL.c...
compiling Sound.c...
compiling Piano.c...
compiling Test.c...
Test.c(32): error:  #29: expected an expression
Test.c(32): error:  #65: expected a ";"
Target not created
Rebuild target 'PeriodicSysTickInts'
assembling Startup.s...
compiling PeriodicSysTickInts.c...
compiling DAC.c...
compiling PLL.c...
compiling Sound.c...
compiling Piano.c...
compiling Test.c...
linking...
Program Size: Code=1976 RO-data=208 RW-data=440 ZI-data=1024  
"PeriodicSysTickInts.axf" - 0 Error(s), 0 Warning(s).
Load "C:\\Users\\Chocalatesauce\\Documents\\EE 319k\\Lab 7\\PeriodicSysTickInts.AXF" 
Connecting: Mode=JTAG, Speed=1000000Hz
Erase Done.
Programming Done.
Verify OK.
Rebuild target 'PeriodicSysTickInts'
assembling Startup.s...
compiling PeriodicSysTickInts.c...
compiling DAC.c...
compiling PLL.c...
compiling Sound.c...
compiling Piano.c...
compiling Test.c...
Test.c(31): error:  #29: expected an expression
Target not created
Rebuild target 'PeriodicSysTickInts'
assembling Startup.s...
compiling PeriodicSysTickInts.c...
compiling DAC.c...
compiling PLL.c...
compiling Sound.c...
compiling Piano.c...
compiling Test.c...
linking...
Program Size: Code=1980 RO-data=208 RW-data=440 ZI-data=1024  
"PeriodicSysTickInts.axf" - 0 Error(s), 0 Warning(s).
Load "C:\\Users\\Chocalatesauce\\Documents\\EE 319k\\Lab 7\\PeriodicSysTickInts.AXF" 
Connecting: Mode=JTAG, Speed=1000000Hz
Erase Done.
Programming Done.
Verify OK.
Rebuild target 'PeriodicSysTickInts'
assembling Startup.s...
compiling PeriodicSysTickInts.c...
compiling DAC.c...
compiling PLL.c...
compiling Sound.c...
compiling Piano.c...
compiling Test.c...
linking...
Program Size: Code=1980 RO-data=208 RW-data=440 ZI-data=1024  
"PeriodicSysTickInts.axf" - 0 Error(s), 0 Warning(s).
Rebuild target 'PeriodicSysTickInts'
assembling Startup.s...
compiling PeriodicSysTickInts.c...
compiling DAC.c...
compiling PLL.c...
compiling Sound.c...
compiling Piano.c...
compiling Test.c...
linking...
Program Size: Code=1988 RO-data=208 RW-data=440 ZI-data=1024  
"PeriodicSysTickInts.axf" - 0 Error(s), 0 Warning(s).
Rebuild target 'PeriodicSysTickInts'
assembling Startup.s...
compiling PeriodicSysTickInts.c...
compiling DAC.c...
compiling PLL.c...
compiling Sound.c...
compiling Piano.c...
compiling Test.c...
linking...
Program Size: Code=1992 RO-data=208 RW-data=440 ZI-data=1024  
"PeriodicSysTickInts.axf" - 0 Error(s), 0 Warning(s).
Load "C:\\Users\\Chocalatesauce\\Documents\\EE 319k\\Lab 7\\PeriodicSysTickInts.AXF" 
Connecting: Mode=JTAG, Speed=1000000Hz
Erase Done.
Programming Done.
Verify OK.
Rebuild target 'PeriodicSysTickInts'
assembling Startup.s...
compiling PeriodicSysTickInts.c...
compiling DAC.c...
compiling PLL.c...
compiling Sound.c...
compiling Piano.c...
compiling Test.c...
linking...
Program Size: Code=2000 RO-data=208 RW-data=440 ZI-data=1024  
"PeriodicSysTickInts.axf" - 0 Error(s), 0 Warning(s).
Rebuild target 'PeriodicSysTickInts'
assembling Startup.s...
compiling PeriodicSysTickInts.c...
compiling DAC.c...
compiling PLL.c...
compiling Sound.c...
compiling Piano.c...
compiling Test.c...
Test.c(67): warning:  #223-D: function "Piano_Read" declared implicitly
Test.c(68): warning:  #187-D: use of "=" where "==" may have been intended
Test.c(52): warning:  #550-D: variable "stopnote" was set but never used
linking...
Program Size: Code=1984 RO-data=208 RW-data=440 ZI-data=1024  
"PeriodicSysTickInts.axf" - 0 Error(s), 3 Warning(s).
Rebuild target 'PeriodicSysTickInts'
assembling Startup.s...
compiling PeriodicSysTickInts.c...
compiling DAC.c...
compiling PLL.c...
compiling Sound.c...
compiling Piano.c...
compiling Test.c...
Test.c(69): warning:  #187-D: use of "=" where "==" may have been intended
Test.c(53): warning:  #550-D: variable "stopnote" was set but never used
linking...
Program Size: Code=1984 RO-data=208 RW-data=440 ZI-data=1024  
"PeriodicSysTickInts.axf" - 0 Error(s), 2 Warning(s).
Rebuild target 'PeriodicSysTickInts'
assembling Startup.s...
compiling PeriodicSysTickInts.c...
compiling DAC.c...
compiling PLL.c...
compiling Sound.c...
compiling Piano.c...
compiling Test.c...
linking...
Program Size: Code=1980 RO-data=208 RW-data=440 ZI-data=1024  
"PeriodicSysTickInts.axf" - 0 Error(s), 0 Warning(s).
Load "C:\\Users\\Chocalatesauce\\Documents\\EE 319k\\Lab 7\\PeriodicSysTickInts.AXF" 
Connecting: Mode=JTAG, Speed=1000000Hz
Erase Done.
Programming Done.
Verify OK.
Rebuild target 'PeriodicSysTickInts'
assembling Startup.s...
compiling PeriodicSysTickInts.c...
compiling DAC.c...
compiling PLL.c...
compiling Sound.c...
compiling Piano.c...
compiling Test.c...
Test.c(30): error:  #20: identifier "stopnote" is undefined
Target not created
Rebuild target 'PeriodicSysTickInts'
assembling Startup.s...
compiling PeriodicSysTickInts.c...
compiling DAC.c...
compiling PLL.c...
compiling Sound.c...
compiling Piano.c...
compiling Test.c...
linking...
Program Size: Code=2000 RO-data=208 RW-data=440 ZI-data=1024  
"PeriodicSysTickInts.axf" - 0 Error(s), 0 Warning(s).
Load "C:\\Users\\Chocalatesauce\\Documents\\EE 319k\\Lab 7\\PeriodicSysTickInts.AXF" 
Connecting: Mode=JTAG, Speed=1000000Hz
Erase Done.
Programming Done.
Verify OK.
Rebuild target 'PeriodicSysTickInts'
assembling Startup.s...
compiling PeriodicSysTickInts.c...
compiling DAC.c...
compiling PLL.c...
compiling Sound.c...
Sound.c(121): error:  #65: expected a ";"
compiling Piano.c...
compiling Test.c...
Target not created
Rebuild target 'PeriodicSysTickInts'
assembling Startup.s...
compiling PeriodicSysTickInts.c...
compiling DAC.c...
compiling PLL.c...
compiling Sound.c...
compiling Piano.c...
compiling Test.c...
linking...
Program Size: Code=2004 RO-data=208 RW-data=440 ZI-data=1024  
"PeriodicSysTickInts.axf" - 0 Error(s), 0 Warning(s).
Load "C:\\Users\\Chocalatesauce\\Documents\\EE 319k\\Lab 7\\PeriodicSysTickInts.AXF" 
Connecting: Mode=JTAG, Speed=1000000Hz
Erase Done.
Programming Done.
Verify OK.
Rebuild target 'PeriodicSysTickInts'
assembling Startup.s...
compiling PeriodicSysTickInts.c...
compiling DAC.c...
compiling PLL.c...
compiling Sound.c...
compiling Piano.c...
compiling Test.c...
linking...
Program Size: Code=2020 RO-data=208 RW-data=440 ZI-data=1024  
"PeriodicSysTickInts.axf" - 0 Error(s), 0 Warning(s).
Rebuild target 'PeriodicSysTickInts'
assembling Startup.s...
compiling PeriodicSysTickInts.c...
compiling DAC.c...
compiling PLL.c...
compiling Sound.c...
compiling Piano.c...
compiling Test.c...
linking...
Program Size: Code=2040 RO-data=208 RW-data=440 ZI-data=1024  
"PeriodicSysTickInts.axf" - 0 Error(s), 0 Warning(s).
Load "C:\\Users\\Chocalatesauce\\Documents\\EE 319k\\Lab 7\\PeriodicSysTickInts.AXF" 
Connecting: Mode=JTAG, Speed=1000000Hz
Erase Done.
Programming Done.
Verify OK.
Rebuild target 'PeriodicSysTickInts'
assembling Startup.s...
compiling PeriodicSysTickInts.c...
compiling DAC.c...
compiling PLL.c...
compiling Sound.c...
compiling Piano.c...
compiling Test.c...
linking...
Program Size: Code=2044 RO-data=208 RW-data=440 ZI-data=1024  
"PeriodicSysTickInts.axf" - 0 Error(s), 0 Warning(s).
Load "C:\\Users\\Chocalatesauce\\Documents\\EE 319k\\Lab 7\\PeriodicSysTickInts.AXF" 
Connecting: Mode=JTAG, Speed=1000000Hz
Erase Done.
Programming Done.
Verify OK.
Rebuild target 'PeriodicSysTickInts'
assembling Startup.s...
compiling PeriodicSysTickInts.c...
compiling DAC.c...
compiling PLL.c...
compiling Sound.c...
compiling Piano.c...
compiling Test.c...
linking...
Program Size: Code=2044 RO-data=208 RW-data=440 ZI-data=1024  
"PeriodicSysTickInts.axf" - 0 Error(s), 0 Warning(s).
Rebuild target 'PeriodicSysTickInts'
assembling Startup.s...
compiling PeriodicSysTickInts.c...
compiling DAC.c...
compiling PLL.c...
compiling Sound.c...
compiling Piano.c...
compiling Test.c...
linking...
Program Size: Code=2044 RO-data=208 RW-data=440 ZI-data=1024  
"PeriodicSysTickInts.axf" - 0 Error(s), 0 Warning(s).
Load "C:\\Users\\Chocalatesauce\\Documents\\EE 319k\\Lab 7\\PeriodicSysTickInts.AXF" 
Connecting: Mode=JTAG, Speed=1000000Hz
Erase Done.
Programming Done.
Verify OK.
Rebuild target 'PeriodicSysTickInts'
assembling Startup.s...
compiling PeriodicSysTickInts.c...
compiling DAC.c...
compiling PLL.c...
compiling Sound.c...
compiling Piano.c...
compiling Test.c...
linking...
Program Size: Code=2040 RO-data=208 RW-data=440 ZI-data=1024  
"PeriodicSysTickInts.axf" - 0 Error(s), 0 Warning(s).
Load "C:\\Users\\Chocalatesauce\\Documents\\EE 319k\\Lab 7\\PeriodicSysTickInts.AXF" 
Connecting: Mode=JTAG, Speed=1000000Hz
Erase Done.
Programming Done.
Verify OK.
Rebuild target 'PeriodicSysTickInts'
assembling Startup.s...
compiling PeriodicSysTickInts.c...
compiling DAC.c...
compiling PLL.c...
compiling Sound.c...
compiling Piano.c...
compiling Test.c...
linking...
Program Size: Code=2040 RO-data=208 RW-data=440 ZI-data=1024  
"PeriodicSysTickInts.axf" - 0 Error(s), 0 Warning(s).
Rebuild target 'PeriodicSysTickInts'
assembling Startup.s...
compiling PeriodicSysTickInts.c...
compiling DAC.c...
compiling PLL.c...
compiling Sound.c...
Sound.c(59): error:  #268: declaration may not appear after executable statement in block
Sound.c(59): warning:  #177-D: variable "sample" was declared but never referenced
compiling Piano.c...
compiling Test.c...
Target not created
Rebuild target 'PeriodicSysTickInts'
assembling Startup.s...
compiling PeriodicSysTickInts.c...
compiling DAC.c...
compiling PLL.c...
compiling Sound.c...
Sound.c(59): error:  #268: declaration may not appear after executable statement in block
Sound.c(59): warning:  #177-D: variable "sample" was declared but never referenced
compiling Piano.c...
compiling Test.c...
Target not created
Rebuild target 'PeriodicSysTickInts'
assembling Startup.s...
compiling PeriodicSysTickInts.c...
compiling DAC.c...
compiling PLL.c...
compiling Sound.c...
Sound.c(57): warning:  #177-D: variable "sample" was declared but never referenced
compiling Piano.c...
compiling Test.c...
linking...
Program Size: Code=2048 RO-data=208 RW-data=440 ZI-data=1024  
"PeriodicSysTickInts.axf" - 0 Error(s), 1 Warning(s).
Rebuild target 'PeriodicSysTickInts'
assembling Startup.s...
compiling PeriodicSysTickInts.c...
compiling DAC.c...
compiling PLL.c...
compiling Sound.c...
Sound.c(57): warning:  #177-D: variable "sample" was declared but never referenced
compiling Piano.c...
compiling Test.c...
linking...
Program Size: Code=2048 RO-data=208 RW-data=440 ZI-data=1024  
"PeriodicSysTickInts.axf" - 0 Error(s), 1 Warning(s).
Load "C:\\Users\\Chocalatesauce\\Documents\\EE 319k\\Lab 7\\PeriodicSysTickInts.AXF" 
Connecting: Mode=JTAG, Speed=1000000Hz
Erase Done.
Programming Done.
Verify OK.
Rebuild target 'PeriodicSysTickInts'
assembling Startup.s...
compiling PeriodicSysTickInts.c...
compiling DAC.c...
compiling PLL.c...
compiling Sound.c...
Sound.c(56): warning:  #177-D: variable "sample" was declared but never referenced
compiling Piano.c...
compiling Test.c...
linking...
Program Size: Code=2048 RO-data=208 RW-data=440 ZI-data=1024  
"PeriodicSysTickInts.axf" - 0 Error(s), 1 Warning(s).
Rebuild target 'PeriodicSysTickInts'
assembling Startup.s...
compiling PeriodicSysTickInts.c...
compiling DAC.c...
compiling PLL.c...
compiling Sound.c...
compiling Piano.c...
compiling Test.c...
linking...
Program Size: Code=2040 RO-data=208 RW-data=440 ZI-data=1024  
"PeriodicSysTickInts.axf" - 0 Error(s), 0 Warning(s).
Load "C:\\Users\\Chocalatesauce\\Documents\\EE 319k\\Lab 7\\PeriodicSysTickInts.AXF" 
Connecting: Mode=JTAG, Speed=1000000Hz
Connection failed!, error code=&d
Rebuild target 'PeriodicSysTickInts'
assembling Startup.s...
compiling PeriodicSysTickInts.c...
compiling DAC.c...
compiling PLL.c...
compiling Sound.c...
compiling Piano.c...
compiling Test.c...
linking...
Program Size: Code=2040 RO-data=208 RW-data=440 ZI-data=1024  
"PeriodicSysTickInts.axf" - 0 Error(s), 0 Warning(s).
Rebuild target 'PeriodicSysTickInts'
assembling Startup.s...
compiling DAC.c...
compiling PLL.c...
compiling Sound.c...
compiling Piano.c...
compiling Test.c...
compiling Main.c...
linking...
Program Size: Code=2040 RO-data=208 RW-data=440 ZI-data=1024  
"PeriodicSysTickInts.axf" - 0 Error(s), 0 Warning(s).
Rebuild target 'PeriodicSysTickInts'
assembling Startup.s...
compiling DAC.c...
compiling PLL.c...
compiling Sound.c...
compiling Piano.c...
compiling Test.c...
compiling Main.c...
linking...
Program Size: Code=2040 RO-data=208 RW-data=440 ZI-data=1024  
"PeriodicSysTickInts.axf" - 0 Error(s), 0 Warning(s).
Load "C:\\Users\\Chocalatesauce\\Documents\\EE 319k\\Lab 7\\PeriodicSysTickInts.AXF" 
Connecting: Mode=JTAG, Speed=1000000Hz
Connection failed!, error code=&d
Rebuild target 'PeriodicSysTickInts'
assembling Startup.s...
compiling DAC.c...
compiling PLL.c...
compiling Sound.c...
compiling Piano.c...
compiling Test.c...
compiling Main.c...
linking...
Program Size: Code=2040 RO-data=208 RW-data=440 ZI-data=1024  
"PeriodicSysTickInts.axf" - 0 Error(s), 0 Warning(s).
Load "C:\\Users\\Chocalatesauce\\Documents\\EE 319k\\Lab 7\\PeriodicSysTickInts.AXF" 
Connecting: Mode=JTAG, Speed=1000000Hz
Erase Done.
Programming Done.
Verify OK.
Load "C:\\Users\\Chocalatesauce\\Documents\\EE 319k\\Lab 7\\PeriodicSysTickInts.AXF" 
Connecting: Mode=JTAG, Speed=1000000Hz
Erase Done.
Programming Done.
Verify OK.
Rebuild target 'PeriodicSysTickInts'
assembling Startup.s...
compiling DAC.c...
compiling PLL.c...
compiling Sound.c...
compiling Piano.c...
compiling Test.c...
compiling Main.c...
linking...
Program Size: Code=2040 RO-data=208 RW-data=440 ZI-data=1024  
"PeriodicSysTickInts.axf" - 0 Error(s), 0 Warning(s).
Load "C:\\Users\\Chocalatesauce\\Documents\\EE 319k\\Lab 7\\PeriodicSysTickInts.AXF" 
Connecting: Mode=JTAG, Speed=1000000Hz
Erase Done.
Programming Done.
Verify OK.
Rebuild target 'PeriodicSysTickInts'
assembling Startup.s...
compiling DAC.c...
compiling PLL.c...
compiling Sound.c...
compiling Piano.c...
compiling Test.c...
compiling Main.c...
linking...
Program Size: Code=2032 RO-data=208 RW-data=440 ZI-data=1024  
"PeriodicSysTickInts.axf" - 0 Error(s), 0 Warning(s).
Load "C:\\Users\\Chocalatesauce\\Documents\\EE 319k\\Lab 7\\PeriodicSysTickInts.AXF" 
Connecting: Mode=JTAG, Speed=1000000Hz
Erase Done.
Programming Done.
Verify OK.
Build target 'PeriodicSysTickInts'
compiling Sound.c...
linking...
Program Size: Code=2032 RO-data=208 RW-data=440 ZI-data=1024  
"PeriodicSysTickInts.axf" - 0 Error(s), 0 Warning(s).
Rebuild target 'PeriodicSysTickInts'
assembling Startup.s...
compiling DAC.c...
compiling PLL.c...
compiling Sound.c...
compiling Piano.c...
compiling Test.c...
compiling Main.c...
linking...
Program Size: Code=2032 RO-data=208 RW-data=440 ZI-data=1024  
"PeriodicSysTickInts.axf" - 0 Error(s), 0 Warning(s).
Rebuild target 'PeriodicSysTickInts'
assembling Startup.s...
compiling DAC.c...
compiling PLL.c...
compiling Sound.c...
compiling Piano.c...
compiling Test.c...
compiling Main.c...
linking...
Program Size: Code=2032 RO-data=208 RW-data=440 ZI-data=1024  
"PeriodicSysTickInts.axf" - 0 Error(s), 0 Warning(s).
Rebuild target 'PeriodicSysTickInts'
assembling Startup.s...
compiling DAC.c...
compiling PLL.c...
compiling Sound.c...
compiling Piano.c...
compiling Test.c...
compiling Main.c...
linking...
Program Size: Code=2032 RO-data=208 RW-data=440 ZI-data=1024  
"PeriodicSysTickInts.axf" - 0 Error(s), 0 Warning(s).
Rebuild target 'PeriodicSysTickInts'
assembling Startup.s...
compiling DAC.c...
compiling PLL.c...
compiling Sound.c...
compiling Piano.c...
compiling Test.c...
compiling Main.c...
linking...
Program Size: Code=2032 RO-data=208 RW-data=440 ZI-data=1024  
"PeriodicSysTickInts.axf" - 0 Error(s), 0 Warning(s).
Rebuild target 'PeriodicSysTickInts'
assembling Startup.s...
compiling DAC.c...
compiling PLL.c...
compiling Sound.c...
compiling Piano.c...
compiling Test.c...
compiling Main.c...
linking...
Program Size: Code=2032 RO-data=208 RW-data=440 ZI-data=1024  
"PeriodicSysTickInts.axf" - 0 Error(s), 0 Warning(s).
Load "C:\\Users\\Chocalatesauce\\Documents\\EE 319k\\Lab 7\\PeriodicSysTickInts.AXF" 
Connecting: Mode=JTAG, Speed=1000000Hz
Erase Done.
Programming Done.
Verify OK.
Rebuild target 'PeriodicSysTickInts'
assembling Startup.s...
compiling DAC.c...
compiling PLL.c...
compiling Sound.c...
compiling Piano.c...
compiling Test.c...
compiling Main.c...
linking...
Program Size: Code=2032 RO-data=208 RW-data=440 ZI-data=1024  
"Main.axf" - 0 Error(s), 0 Warning(s).
