<html>
<body>
<pre>
<h1>µVision Build Log</h1>
<h2>Project:</h2>
C:\Users\Chocalatesauce\Documents\EE 319k\Lab6starter\Lab6.uvproj
Project File Date:  03/21/2013

<h2>Output:</h2>
Rebuild target 'Lab6'
assembling Startup.s...
assembling lab6.s...
assembling LCD.s...
assembling IO.s...
assembling pll.s...
linking...
Program Size: Code=1444 RO-data=0 RW-data=0 ZI-data=256  
"Lab6.axf" - 0 Error(s), 0 Warning(s).
Load "C:\\Users\\Chocalatesauce\\Documents\\EE 319k\\Lab6starter\\Lab6.AXF" 
Connecting: Mode=JTAG, Speed=1000000Hz
Erase Done.
Programming Done.
Verify OK.
